show card 1/1 detail
Information for card 1/1:
Provisioned type        : VDSL2-48Cr2
Actual type             : VDSL2-48Cr2
Part number             : 100-03882
CLEI                    : CALIXCALIX
Serial number           : 211503600306
Application version     : 2.4.45.14
Database created        : 2015/10/12 18:20:54
Database last updated   : 2015/11/20 15:48:35
Controller candidate    : enabled
MAC address start       : 00:02:fd:e1:ba:1c
MAC address end         : 00:02:fd:e1:ba:57
Temperature level       : cool
Admin status            : enabled
Operational status      : enabled
Additional status info  : child provisioned, default provisioned, standby
Critical alarms         : 0
Major alarms            : 0
Minor alarms            : 0
Warning conditions      : 0
Info conditions         : 0

Alarms:
	<none>

Conditions:
	<none>
N6>show card 1/2 detail
Information for card 1/2:
Provisioned type        : VDSL2-48c
Actual type             : VDSL2-48c
Part number             : 100-01908
CLEI                    : BVL3A5FFTA
Serial number           : 211412601514
Application version     : 2.4.45.14
Database created        : 2015/10/12 18:20:54
Database last updated   : 2015/11/20 15:48:35
Controller candidate    : enabled
MAC address start       : 00:02:5d:dc:72:dc
MAC address end         : 00:02:5d:dc:73:17
Temperature level       : fine
Admin status            : enabled
Operational status      : enabled
Additional status info  : child provisioned, default provisioned, active
Critical alarms         : 0
Major alarms            : 0
Minor alarms            : 0
Warning conditions      : 0
Info conditions         : 0

Alarms:
	<none>

Conditions:
	<none>
N6>show alarm
No alarms found.
N6>enable eth-port 1/1/x3
success: Enable Ethernet port "1/1/x3".
N6>enable eth-port 1/2/x3
success: Enable Ethernet port "1/2/x3".
N6>show interface as10 member

Ethernet Port                    Status          LACP Status
-------------------------------- --------------- -------------
1/1/x3                           enabled         up in bundle
1/1/x4                           enabled         up in bundle
1/2/x3                           enabled         up in bundle

3 members found.
N6>show interface as10 member

Ethernet Port                    Status          LACP Status
-------------------------------- --------------- -------------
1/1/x3                           enabled         up in bundle
1/1/x4                           enabled         up in bundle
1/2/x3                           enabled         up in bundle

3 members found.
N6>
N6>reboot card 1/1
card 1/1 will immediately reboot and continue with the last committed software version.
This will interrupt service. Continue? (yes/no): yes
N6>EVENT for card 1/1 at 2015/11/20 15:53:33.89:
    "Reboot: In Progress -- Version=2.4.45.14"
critical ALARM for card 1/1 at 2015/11/20 15:53:44.40:
    "Unequipped"
    (affects service)
EVENT for card 1/1 at 2015/11/20 15:53:44.46:
    "Card Event: Departure"
minor ALARM for system at 2015/11/20 15:53:44.47:
    "No standby controller"
    (related object: card 1/1)

N6>"N6" Fri Nov 20 15:54:52 2015

Username: e7support
Password: 
N6>set ses time dis page dis
success: session updated.
N6>"N6" Fri Nov 20 15:54:54 2015

Username: e7support
Password: 
N6>set ses time dis page dis
success: session updated.
N6>"N6" Fri Nov 20 15:54:56 2015

Username: e7support
Password: 
N6>set ses time dis page dis
success: session updated.
N6>"N6" Fri Nov 20 15:54:59 2015

Username: e7support
Password: 
N6>set ses time dis page dis
success: session updated.
N6>"N6" Fri Nov 20 15:55:01 2015

Username: e7support
Password: 
N6>set ses time dis page dis
success: session updated.
N6>"N6" Fri Nov 20 15:55:04 2015

Username: e7support
Password: 
N6>set ses time dis page dis
success: session updated.
N6>"N6" Fri Nov 20 15:55:06 2015

Username: e7support
Password: 
N6>set ses time dis page dis
success: session updated.
N6>"N6" Fri Nov 20 15:55:09 2015

Username: e7support
Password: 
N6>set ses time dis page dis
success: session updated.
N6>"N6" Fri Nov 20 15:55:11 2015

Username: e7support
Password: 
N6>set ses time dis page dis
success: session updated.
N6>"N6" Fri Nov 20 15:55:14 2015

Username: e7support
Password: 
N6>set ses time dis page dis
success: session updated.
N6>"N6" Fri Nov 20 15:55:16 2015

Username: e7support
Password: 
N6>set ses time dis page dis
success: session updated.
N6>"N6" Fri Nov 20 15:55:19 2015

Username: e7support
Password: 
N6>set ses time dis page dis
success: session updated.
N6>"N6" Fri Nov 20 15:55:21 2015

Username: e7support
Password: 
N6>set ses time dis page dis
success: session updated.
N6>"N6" Fri Nov 20 15:55:23 2015

Username: 
Username: e7support
Password: 
N6>set ses time dis page dis
success: session updated.
N6>"N6" Fri Nov 20 15:55:26 2015

Username: e7support
Password: 
N6>set ses time dis page dis
success: session updated.
N6>"N6" Fri Nov 20 15:55:28 2015

Username: e7support
Password: 
N6>set ses time dis page dis
success: session updated.
N6>"N6" Fri Nov 20 15:55:31 2015

Username: e7support
Password: 
N6>set ses time dis page dis
success: session updated.
N6>"N6" Fri Nov 20 15:55:33 2015

Username: e7support
Password: 
N6>set ses time dis page dis
success: session updated.
N6>"N6" Fri Nov 20 15:55:36 2015

Username: e7support
Password: 
N6>set ses time dis page dis
success: session updated.
N6>"N6" Fri Nov 20 15:55:38 2015

Username: e7support
Password: 
N6>set ses time dis page dis
success: session updated.
N6>"N6" Fri Nov 20 15:55:41 2015

Username: e7support
Password: 
N6>set ses time dis page dis
success: session updated.
N6>"N6" Fri Nov 20 15:55:43 2015

Username: e7support
Password: 
N6>set ses time dis page dis
success: session updated.
N6>"N6" Fri Nov 20 15:55:46 2015

Username: e7support
Password: 
N6>set ses time dis page dis
success: session updated.
N6>"N6" Fri Nov 20 15:55:48 2015

Username: e7support
Password: 
N6>set ses time dis page dis
success: session updated.
N6>"N6" Fri Nov 20 15:55:51 2015

Username: e7support
Password: 
N6>set ses time dis page dis
success: session updated.
N6>"N6" Fri Nov 20 15:55:53 2015

Username: 
Username: e7support
Password: 
N6>set ses time dis page dis
success: session updated.
N6>"N6" Fri Nov 20 15:55:55 2015

Username: e7support
Password: 
N6>set ses time dis page dis
success: session updated.
N6>"N6" Fri Nov 20 15:55:58 2015

Username: e7support
Password: 
N6>set ses time dis page dis
success: session updated.
N6>"N6" Fri Nov 20 15:56:00 2015

Username: e7support
Password: 
N6>set ses time dis page dis
success: session updated.
N6>"N6" Fri Nov 20 15:56:03 2015

Username: e7support
Password: 
N6>set ses time dis page dis
success: session updated.
N6>"N6" Fri Nov 20 15:56:05 2015

Username: e7support
Password: 
N6>set ses time dis page dis
success: session updated.
N6>"N6" Fri Nov 20 15:56:08 2015

Username: e7support
Password: 
N6>set ses time dis page dis
success: session updated.
N6>"N6" Fri Nov 20 15:56:11 2015

Username: e7support
Password: 
N6>set ses time dis page dis
success: session updated.
N6>"N6" Fri Nov 20 15:56:13 2015

Username: e7support
Password: 
N6>set ses time dis page dis
success: session updated.
N6>"N6" Fri Nov 20 15:56:15 2015

Username: e7support
Password: 
N6>set ses time dis page dis
success: session updated.
N6>"N6" Fri Nov 20 15:56:18 2015

Username: e7support
Password: 
N6>set ses time dis page dis
success: session updated.
N6>"N6" Fri Nov 20 15:56:20 2015

Username: e7support
Password: 
N6>set ses time dis page dis
success: session updated.
N6>"N6" Fri Nov 20 15:56:23 2015

Username: show card 1/1 detail
               ^
% Invalid input detected at '^' marker
"N6" Fri Nov 20 15:56:23 2015

Username: e7support
Password: 
N6>set ses time dis page dis
success: session updated.
N6>"N6" Fri Nov 20 15:56:25 2015

Username: e7support
Password: 
N6>set ses time dis page dis
success: session updated.
N6>"N6" Fri Nov 20 15:56:28 2015

Username: e7support
Password: 
N6>set ses time dis page dis
success: session updated.
N6>"N6" Fri Nov 20 15:56:30 2015

Username: e7support
Password: 
N6>set ses time dis page dis
success: session updated.
N6>"N6" Fri Nov 20 15:56:32 2015

Username: 
Username: e7support
Password: 
N6>set ses time dis page dis
success: session updated.
N6>"N6" Fri Nov 20 15:56:35 2015

Username: e7support
Password: 
N6>set ses time dis page dis
success: session updated.
N6>"N6" Fri Nov 20 15:56:38 2015

Username: e7support
Password: 
N6>set ses time dis page dis
success: session updated.
N6>"N6" Fri Nov 20 15:56:40 2015

Username: e7support
Password: 
N6>set ses time dis page dis
success: session updated.
N6>"N6" Fri Nov 20 15:56:43 2015

Username: e7support
Password: 
N6>set ses time dis page dis
success: session updated.
N6>"N6" Fri Nov 20 15:56:45 2015

Username: e7support
Password: 
N6>set ses time dis page dis
success: session updated.
N6>"N6" Fri Nov 20 15:56:48 2015

Username: e7support
Password: 
N6>set ses time dis page dis
success: session updated.
N6>"N6" Fri Nov 20 15:56:50 2015

Username: e7support
Password: 
N6>set ses time dis page dis
success: session updated.
N6>"N6" Fri Nov 20 15:56:53 2015

Username: e7support
Password: 
               ^
% Invalid input detected at '^' marker
Password: 
N6>set ses time dis page dis
success: session updated.
N6>"N6" Fri Nov 20 15:56:55 2015

Username: e7support
Password: 
N6>set ses time dis page dis
success: session updated.
N6>"N6" Fri Nov 20 15:56:58 2015

Username: e7support
Password: 
N6>set ses time dis page dis
success: session updated.
N6>"N6" Fri Nov 20 15:57:00 2015

Username: e7support
Password: 
N6>set ses time dis page dis
success: session updated.
N6>"N6" Fri Nov 20 15:57:03 2015

Username: e7support
Password: 
N6>set ses time dis page dis
success: session updated.
N6>"N6" Fri Nov 20 15:57:04 2015

Username: 
Username: e7support
Password: 
N6>set ses time dis page dis
success: session updated.
N6>"N6" Fri Nov 20 15:57:06 2015

Username: 
Username: e7support
Password: 
N6>set ses time dis page dis
success: session updated.
N6>"N6" Fri Nov 20 15:57:09 2015

Username: 
Username: e7support
Password: 
N6>set ses time dis page dis
success: session updated.
N6>show card 1/1 detail
Information for card 1/1:
Provisioned type        : VDSL2-48Cr2
Actual type             : VDSL2-48Cr2
Part number             : 100-03882
CLEI                    : CALIXCALIX
Serial number           : 211503600306
Application version     : 2.4.45.14
Database created        : 2015/10/12 18:20:54
Database last updated   : 2015/11/20 15:53:16
Controller candidate    : enabled
MAC address start       : 00:02:fd:e1:ba:1c
MAC address end         : 00:02:fd:e1:ba:57
Temperature level       : cool
Admin status            : enabled
Operational status      : system disabled
Additional status info  : child provisioned, default provisioned
Critical alarms         : 1
Major alarms            : 0
Minor alarms            : 0
Warning conditions      : 1
Info conditions         : 0

Alarms:
	Not Operational

Conditions:
	Software initialization in progress
N6>
N6>Alarm CLEARED for card 1/1 at 2015/11/20 15:57:37.18:
    "Not Operational"
Alarm CLEARED for system at 2015/11/20 15:57:52.99:
    "No standby controller"
    (related object: card 1/1)
show card 1/1 detail
Information for card 1/1:
Provisioned type        : VDSL2-48Cr2
Actual type             : VDSL2-48Cr2
Part number             : 100-03882
CLEI                    : CALIXCALIX
Serial number           : 211503600306
Application version     : 2.4.45.14
Database created        : 2015/10/12 18:20:54
Database last updated   : 2015/11/20 15:53:16
Controller candidate    : enabled
MAC address start       : 00:02:fd:e1:ba:1c
MAC address end         : 00:02:fd:e1:ba:57
Temperature level       : cool
Admin status            : enabled
Operational status      : enabled
Additional status info  : child provisioned, default provisioned, standby
Critical alarms         : 0
Major alarms            : 0
Minor alarms            : 0
Warning conditions      : 1
Info conditions         : 0

Alarms:
	<none>

Conditions:
	Software initialization in progress
N6>Alarm CLEARED for card 1/1 at 2015/11/20 15:58:06.63:
    "Software initialization in progress"
EVENT for card 1/1 at 2015/11/20 15:58:06.88:
    "Reboot: Success -- Version=2.4.45.14"
show card 1/1 detail
Information for card 1/1:
Provisioned type        : VDSL2-48Cr2
Actual type             : VDSL2-48Cr2
Part number             : 100-03882
CLEI                    : CALIXCALIX
Serial number           : 211503600306
Application version     : 2.4.45.14
Database created        : 2015/10/12 18:20:54
Database last updated   : 2015/11/20 15:53:16
Controller candidate    : enabled
MAC address start       : 00:02:fd:e1:ba:1c
MAC address end         : 00:02:fd:e1:ba:57
Temperature level       : cool
Admin status            : enabled
Operational status      : enabled
Additional status info  : child provisioned, default provisioned, standby
Critical alarms         : 0
Major alarms            : 0
Minor alarms            : 0
Warning conditions      : 0
Info conditions         : 0

Alarms:
	<none>

Conditions:
	<none>
N6>show alarm
No alarms found.
N6>