show card 1/1 detail
Information for card 1/1:
Provisioned type        : VDSL2-48Cr2
Actual type             : VDSL2-48Cr2
Part number             : 100-03882
CLEI                    : CALIXCALIX
Serial number           : 211503600306
Application version     : 2.4.45.14
Database created        : 2015/10/12 18:20:54
Database last updated   : 2015/11/20 04:14:43
Controller candidate    : enabled
MAC address start       : 00:02:fd:e1:ba:1c
MAC address end         : 00:02:fd:e1:ba:57
Temperature level       : cool
Admin status            : enabled
Operational status      : enabled
Additional status info  : child provisioned, default provisioned, standby
Critical alarms         : 0
Major alarms            : 0
Minor alarms            : 0
Warning conditions      : 0
Info conditions         : 0

Alarms:
	<none>

Conditions:
	<none>
N6>show card 1/2 detail
Information for card 1/2:
Provisioned type        : VDSL2-48c
Actual type             : VDSL2-48c
Part number             : 100-01908
CLEI                    : BVL3A5FFTA
Serial number           : 211412601514
Application version     : 2.4.45.14
Database created        : 2015/10/12 18:20:54
Database last updated   : 2015/11/20 04:14:43
Controller candidate    : enabled
MAC address start       : 00:02:5d:dc:72:dc
MAC address end         : 00:02:5d:dc:73:17
Temperature level       : fine
Admin status            : enabled
Operational status      : enabled
Additional status info  : child provisioned, default provisioned, active
Critical alarms         : 0
Major alarms            : 0
Minor alarms            : 0
Warning conditions      : 0
Info conditions         : 0

Alarms:
	<none>

Conditions:
	<none>
N6>show alarm
No alarms found.
N6>enable eth-port 1/1/x3
success: Enable Ethernet port "1/1/x3".
N6>enable eth-port 1/2/x3
success: Enable Ethernet port "1/2/x3".
N6>show interface as10 member

Ethernet Port                    Status          LACP Status
-------------------------------- --------------- -------------
1/1/x3                           enabled         up in bundle
1/1/x4                           enabled         up in bundle
1/2/x3                           enabled         up in bundle

3 members found.
N6>show interface as10 member

Ethernet Port                    Status          LACP Status
-------------------------------- --------------- -------------
1/1/x3                           enabled         up in bundle
1/1/x4                           enabled         up in bundle
1/2/x3                           enabled         up in bundle

3 members found.
N6>reboot card 1/1
card 1/1 will immediately reboot and continue with the last committed software version.
This will interrupt service. Continue? (yes/no): yes
N6>EVENT for card 1/1 at 2015/11/20 04:19:40.88:
    "Reboot: In Progress -- Version=2.4.45.14"
critical ALARM for card 1/1 at 2015/11/20 04:19:51.89:
    "Unequipped"
    (affects service)
EVENT for card 1/1 at 2015/11/20 04:19:51.97:
    "Card Event: Departure"
minor ALARM for system at 2015/11/20 04:19:51.99:
    "No standby controller"
    (related object: card 1/1)

N6>"N6" Fri Nov 20 04:20:59 2015

Username: e7support
Password: 
N6>set ses time dis page dis
success: session updated.
N6>"N6" Fri Nov 20 04:21:01 2015

Username: e7support
Password: 
N6>set ses time dis page dis
success: session updated.
N6>"N6" Fri Nov 20 04:21:03 2015

Username: e7support
Password: 
N6>set ses time dis page dis
success: session updated.
N6>"N6" Fri Nov 20 04:21:06 2015

Username: e7support
Password: 
N6>set ses time dis page dis
success: session updated.
N6>"N6" Fri Nov 20 04:21:08 2015

Username: e7support
Password: 
N6>set ses time dis page dis
success: session updated.
N6>"N6" Fri Nov 20 04:21:11 2015

Username: e7support
Password: 
N6>set ses time dis page dis
success: session updated.
N6>"N6" Fri Nov 20 04:21:13 2015

Username: e7support
Password: 
N6>set ses time dis page dis
success: session updated.
N6>"N6" Fri Nov 20 04:21:16 2015

Username: e7support
Password: 
N6>set ses time dis page dis
success: session updated.
N6>"N6" Fri Nov 20 04:21:18 2015

Username: e7support
Password: 
N6>set ses time dis page dis
success: session updated.
N6>"N6" Fri Nov 20 04:21:20 2015

Username: 
Username: e7support
Password: 
N6>set ses time dis page dis
success: session updated.
N6>"N6" Fri Nov 20 04:21:23 2015

Username: e7support
Password: 
N6>set ses time dis page dis
success: session updated.
N6>"N6" Fri Nov 20 04:21:26 2015

Username: e7support
Password: 
N6>set ses time dis page dis
success: session updated.
N6>"N6" Fri Nov 20 04:21:28 2015

Username: e7support
Password: 
N6>set ses time dis page dis
success: session updated.
N6>"N6" Fri Nov 20 04:21:30 2015

Username: 
Username: e7support
Password: 
N6>set ses time dis page dis
success: session updated.
N6>"N6" Fri Nov 20 04:21:33 2015

Username: e7support
Password: 
N6>set ses time dis page dis
success: session updated.
N6>"N6" Fri Nov 20 04:21:36 2015

Username: e7support
Password: 
N6>set ses time dis page dis
success: session updated.
N6>"N6" Fri Nov 20 04:21:38 2015

Username: e7support
Password: 
N6>set ses time dis page dis
success: session updated.
N6>"N6" Fri Nov 20 04:21:40 2015

Username: e7support
Password: 
N6>set ses time dis page dis
success: session updated.
N6>"N6" Fri Nov 20 04:21:43 2015

Username: e7support
Password: 
N6>set ses time dis page dis
success: session updated.
N6>"N6" Fri Nov 20 04:21:45 2015

Username: e7support
Password: 
N6>set ses time dis page dis
success: session updated.
N6>"N6" Fri Nov 20 04:21:48 2015

Username: e7support
Password: 
N6>set ses time dis page dis
success: session updated.
N6>"N6" Fri Nov 20 04:21:50 2015

Username: e7support
Password: 
N6>set ses time dis page dis
success: session updated.
N6>"N6" Fri Nov 20 04:21:53 2015

Username: e7support
Password: 
N6>set ses time dis page dis
success: session updated.
N6>"N6" Fri Nov 20 04:21:55 2015

Username: e7support
Password: 
N6>set ses time dis page dis
success: session updated.
N6>"N6" Fri Nov 20 04:21:58 2015

Username: e7support
Password: 
N6>set ses time dis page dis
success: session updated.
N6>"N6" Fri Nov 20 04:22:00 2015

Username: 
Username: e7support
Password: 
N6>set ses time dis page dis
success: session updated.
N6>"N6" Fri Nov 20 04:22:02 2015

Username: e7support
Password: 
N6>set ses time dis page dis
success: session updated.
N6>"N6" Fri Nov 20 04:22:05 2015

Username: e7support
Password: 
N6>set ses time dis page dis
success: session updated.
N6>"N6" Fri Nov 20 04:22:07 2015

Username: e7support
Password: 
N6>set ses time dis page dis
success: session updated.
N6>"N6" Fri Nov 20 04:22:10 2015

Username: e7support
Password: 
N6>set ses time dis page dis
success: session updated.
N6>"N6" Fri Nov 20 04:22:12 2015

Username: e7support
Password: 
N6>set ses time dis page dis
success: session updated.
N6>Alarm CLEARED for card 1/1 at 2015/11/20 04:22:13.74:
    "Unequipped"
EVENT for card 1/1 at 2015/11/20 04:22:13.76:
   "N6" Fri Nov 20 04:22:15 2015

Username: e7support
Password: 
N6>set ses time dis page dis
success: session updated.
N6>"N6" Fri Nov 20 04:22:17 2015

Username: e7support
Password: 
N6>set sEVENT for Ethernet port "1/1/x3" at 2015/11/20 04:22:18.20:
    "LLDP Neighbor Update"
es time EVENT for Ethernet port "1/1/x4" at 2015/11/20 04:22:18.15:
    "LLDP Neighbor Update"
dis page dis
success: session updated.
N6>"N6" Fri Nov 20 04:22:20 2015

Username: e7support
Password: 
N6>
N6>set ses time dis page dis
success: session updated.
N6>"N6" Fri Nov 20 04:22:22 2015

Username: e7support
Password: 
N6>set ses time dis page dis
success: session updated.
N6>"N6" Fri Nov 20 04:22:25 2015

Username: e7support
Password: 
N6>set ses time dis page dis
success: session updated.
N6>"N6" Fri Nov 20 04:22:27 2015

Username: e7support
Password: 
N6>set ses time dis page dis
success: session updated.
N6>"N6" Fri Nov 20 04:22:30 2015

Username: e7support
Password: 
N6>show card 1/1 detail
Information for card 1/1:
Provisioned type        : VDSL2-48Cr2
Actual type             : VDSL2-48Cr2
Part number             : 100-03882
CLEI                    : CALIXCALIX
Serial number           : 211503600306
Application version     : 2.4.45.14
Database created        : 2015/10/12 18:20:54
Database last updated   : 2015/11/20 04:19:23
Controller candidate    : enabled
MAC address start       : 00:02:fd:e1:ba:1c
MAC address end         : 00:02:fd:e1:ba:57
Temperature level       : cool
Admin status            : enabled
Operational status      : system disabled
Additional status info  : child provisioned, default provisioned
Critical alarms         : 1
Major alarms            : 0
Minor alarms            : 0
Warning conditions      : 1
Info conditions         : 0

Alarms:
--MORE--        	Not Operational

Conditions:
	Software initialization in progress
N6>ses time dis page dis
   ^
% Invalid input detected at '^' marker
N6>set ses time dis page dis
success: session updated.
N6>"N6" Fri Nov 20 04:22:41 2015

Username: 
Username: e7support
Password: 
N6>set ses time dis page dis
success: session updated.
N6>"N6" Fri Nov 20 04:22:43 2015

Username: 
Username: e7support
Password: 
N6>set ses time dis page dis
success: session updated.
N6>"N6" Fri Nov 20 04:22:46 2015

Username: 
Username: e7support
Password: 
N6>set ses time dis page dis
success: session updated.
N6>show card 1/1 detail
Information for card 1/1:
Provisioned type        : VDSL2-48Cr2
Actual type             : VDSL2-48Cr2
Part number             : 100-03882
CLEI                    : CALIXCALIX
Serial number           : 211503600306
Application version     : 2.4.45.14
Database created        : 2015/10/12 18:20:54
Database last updated   : 2015/11/20 04:19:23
Controller candidate    : enabled
MAC address start       : 00:02:fd:e1:ba:1c
MAC address end         : 00:02:fd:e1:ba:57
Temperature level       : cool
Admin status            : enabled
Operational status      : system disabled
Additional status info  : child provisioned, default provisioned
Critical alarms         : 1
Major alarms            : 0
Minor alarms            : 0
Warning conditions      : 1
Info conditions         : 0

Alarms:
	Not Operational

Conditions:
	Software initialization in progress
N6>
N6>show card 1/1 detail
Information for card 1/1:
Provisioned type        : VDSL2-48Cr2
Actual type             : VDSL2-48Cr2
Part number             : 100-03882
CLEI                    : CALIXCALIX
Serial number           : 211503600306
Application version     : 2.4.45.14
Database created        : 2015/10/12 18:20:54
Database last updated   : 2015/11/20 04:19:23
Controller candidate    : enabled
MAC address start       : 00:02:fd:e1:ba:1c
MAC address end         : 00:02:fd:e1:ba:57
Temperature level       : cool
Admin status            : enabled
Operational status      : system disabled
Additional status info  : child provisioned, default provisioned
Critical alarms         : 1
Major alarms            : 0
Minor alarms            : 0
Warning conditions      : 1
Info conditions         : 0

Alarms:
	Not Operational

Conditions:
	Software initialization in progress
N6>Alarm CLEARED for card 1/1 at 2015/11/20 04:23:45.29:
    "Not Operational"
Alarm CLEARED for system at 2015/11/20 04:24:00.86:
    "No standby controller"
    (related object: card 1/1)
show card 1/1 detail
Information for card 1/1:
Provisioned type        : VDSL2-48Cr2
Actual type             : VDSL2-48Cr2
Part number             : 100-03882
CLEI                    : CALIXCALIX
Serial number           : 211503600306
Application version     : 2.4.45.14
Database created        : 2015/10/12 18:20:54
Database last updated   : 2015/11/20 04:19:23
Controller candidate    : enabled
MAC address start       : 00:02:fd:e1:ba:1c
MAC address end         : 00:02:fd:e1:ba:57
Temperature level       : cool
Admin status            : enabled
Operational status      : enabled
Additional status info  : child provisioned, default provisioned, standby
Critical alarms         : 0
Major alarms            : 0
Minor alarms            : 0
Warning conditions      : 1
Info conditions         : 0

Alarms:
	<none>

Conditions:
	Software initialization in progress
N6>Alarm CLEARED for card 1/1 at 2015/11/20 04:24:14.95:
    "Software initialization in progress"
EVENT for card 1/1 at 2015/11/20 04:24:15.38:
    "Reboot: Success -- Version=2.4.45.14"

N6>show card 1/1 detail
Information for card 1/1:
Provisioned type        : VDSL2-48Cr2
Actual type             : VDSL2-48Cr2
Part number             : 100-03882
CLEI                    : CALIXCALIX
Serial number           : 211503600306
Application version     : 2.4.45.14
Database created        : 2015/10/12 18:20:54
Database last updated   : 2015/11/20 04:19:23
Controller candidate    : enabled
MAC address start       : 00:02:fd:e1:ba:1c
MAC address end         : 00:02:fd:e1:ba:57
Temperature level       : cool
Admin status            : enabled
Operational status      : enabled
Additional status info  : child provisioned, default provisioned, standby
Critical alarms         : 0
Major alarms            : 0
Minor alarms            : 0
Warning conditions      : 0
Info conditions         : 0

Alarms:
	<none>

Conditions:
	<none>
N6>show alarm
No alarms found.
N6>