"N6" Thu Nov 26 10:41:28 2015

Username: 
Username: e7support
Password: 
N6>set ses time dis page dis
success: session updated.
N6>show dsl-
N6>show dsl-         show dsl-port 1/1/v1
N6>show dsl-port 1/1/v1
Port     Mode         Rate (Us/Ds)    SNR (Us/Ds) Status (Cur. Time/Retrains)     
-------- ------------ --------------- ----------- --------------------------------
1/1/v1   none         0/0             0.0/0.0     Init (8s/0)                     
N6>show dsl-port
N6>show dsl-port 
Port     Mode         Rate (Us/Ds)    SNR (Us/Ds) Status (Cur. Time/Retrains)     
-------- ------------ --------------- ----------- --------------------------------
1/1/v1   none         0/0             0.0/0.0     Init (15s/0)                    
1/1/v2   none         0/0             0.0/0.0     Init (19h6m49s/0)               
1/1/v3   none         0/0             0.0/0.0     Init (19h6m49s/0)               
1/1/v4   none         0/0             0.0/0.0     Init (19h6m50s/0)               
1/1/v5   none         0/0             0.0/0.0     Init (19h6m50s/0)               
1/1/v6   none         0/0             0.0/0.0     Init (19h6m50s/0)               
1/1/v7   none         0/0             0.0/0.0     Init (19h6m50s/0)               
1/1/v8   none         0/0             0.0/0.0     Init (19h6m50s/0)               
1/1/v9   none         0/0             0.0/0.0     Init (19h6m50s/0)               
1/1/v10  none         0/0             0.0/0.0     Init (19h6m50s/0)               
1/1/v11  none         0/0             0.0/0.0     Init (19h6m50s/0)               
1/1/v12  none         0/0             0.0/0.0     Init (19h6m51s/0)               
1/1/v13  none         0/0             0.0/0.0     Init (19h6m51s/0)               
1/1/v14  none         0/0             0.0/0.0     Init (19h6m51s/0)               
1/1/v15  none         0/0             0.0/0.0     Init (19h6m51s/0)               
1/1/v16  none         0/0             0.0/0.0     Init (19h6m51s/0)               
1/1/v17  none         0/0             0.0/0.0     Init (19h6m51s/0)               
1/1/v18  none         0/0             0.0/0.0     Init (19h6m51s/0)               
1/1/v19  none         0/0             0.0/0.0     Init (19h6m51s/0)               
1/1/v20  none         0/0             0.0/0.0     Init (19h6m52s/0)               
1/1/v21  none         0/0             0.0/0.0     Init (19h6m52s/0)               
1/1/v22  none         0/0             0.0/0.0     Init (19h6m52s/0)               
1/1/v23  none         0/0             0.0/0.0     Init (19h6m52s/0)               
1/1/v24  none         0/0             0.0/0.0     Init (19h6m52s/0)               
1/1/v25  none         0/0             0.0/0.0     Init (19h6m52s/0)               
1/1/v26  none         0/0             0.0/0.0     Init (19h6m52s/0)               
1/1/v27  none         0/0             0.0/0.0     Init (19h6m53s/0)               
1/1/v28  none         0/0             0.0/0.0     Init (19h6m53s/0)               
1/1/v29  none         0/0             0.0/0.0     Init (19h6m53s/0)               
1/1/v30  none         0/0             0.0/0.0     Init (19h6m53s/0)               
1/1/v31  none         0/0             0.0/0.0     Init (19h6m53s/0)               
1/1/v32  none         0/0             0.0/0.0     Init (19h6m53s/0)               
1/1/v33  none         0/0             0.0/0.0     Init (19h6m53s/0)               
1/1/v34  none         0/0             0.0/0.0     Init (19h6m53s/0)               
1/1/v35  none         0/0             0.0/0.0     Init (19h6m54s/0)               
1/1/v36  none         0/0             0.0/0.0     Init (19h6m54s/0)               
1/1/v37  none         0/0             0.0/0.0     Init (19h6m54s/0)               
1/1/v38  none         0/0             0.0/0.0     Init (19h6m54s/0)               
1/1/v39  none         0/0             0.0/0.0     Init (19h6m54s/0)               
1/1/v40  none         0/0             0.0/0.0     Init (19h6m54s/0)               
1/1/v41  none         0/0             0.0/0.0     Init (19h6m54s/0)               
1/1/v42  none         0/0             0.0/0.0     Init (19h6m54s/0)               
1/1/v43  none         0/0             0.0/0.0     Init (19h6m55s/0)               
1/1/v44  none         0/0             0.0/0.0     Init (19h6m55s/0)               
1/1/v45  none         0/0             0.0/0.0     Init (19h6m55s/0)               
1/1/v46  none         0/0             0.0/0.0     Init (19h6m55s/0)               
1/1/v47  none         0/0             0.0/0.0     Init (19h6m55s/0)               
1/1/v48  none         0/0             0.0/0.0     Init (19h6m55s/0)               
1/2/v1   none         0/0             0.0/0.0     Init (18h58m54s/0)              
1/2/v2   none         0/0             0.0/0.0     Init (18h58m54s/0)              
1/2/v3   none         0/0             0.0/0.0     Init (18h58m54s/0)              
1/2/v4   none         0/0             0.0/0.0     Init (18h58m54s/0)              
1/2/v5   none         0/0             0.0/0.0     Init (18h58m54s/0)              
1/2/v6   none         0/0             0.0/0.0     Init (18h58m55s/0)              
1/2/v7   none         0/0             0.0/0.0     Init (18h58m55s/0)              
1/2/v8   none         0/0             0.0/0.0     Init (18h58m55s/0)              
1/2/v9   none         0/0             0.0/0.0     Init (18h58m55s/0)              
1/2/v10  none         0/0             0.0/0.0     Init (18h58m56s/0)              
1/2/v11  none         0/0             0.0/0.0     Init (18h58m56s/0)              
1/2/v12  none         0/0             0.0/0.0     Init (18h58m56s/0)              
1/2/v13  none         0/0             0.0/0.0     Init (18h58m56s/0)              
1/2/v14  none         0/0             0.0/0.0     Init (18h58m56s/0)              
1/2/v15  none         0/0             0.0/0.0     Init (18h58m57s/0)              
1/2/v16  none         0/0             0.0/0.0     Init (18h58m57s/0)              
1/2/v17  none         0/0             0.0/0.0     Init (18h58m57s/0)              
1/2/v18  none         0/0             0.0/0.0     Init (18h58m57s/0)              
1/2/v19  none         0/0             0.0/0.0     Init (18h58m57s/0)              
1/2/v20  none         0/0             0.0/0.0     Init (18h58m58s/0)              
1/2/v21  none         0/0             0.0/0.0     Init (18h58m58s/0)              
1/2/v22  none         0/0             0.0/0.0     Init (18h58m59s/0)              
1/2/v23  none         0/0             0.0/0.0     Init (18h58m59s/0)              
1/2/v24  none         0/0             0.0/0.0     Init (18h58m59s/0)              
1/2/v25  none         0/0             0.0/0.0     Init (18h58m59s/0)              
1/2/v26  none         0/0             0.0/0.0     Init (18h58m59s/0)              
1/2/v27  none         0/0             0.0/0.0     Init (18h58m59s/0)              
1/2/v28  none         0/0             0.0/0.0     Init (18h58m59s/0)              
1/2/v29  none         0/0             0.0/0.0     Init (18h59m/0)                 
1/2/v30  none         0/0             0.0/0.0     Init (18h59m/0)                 
1/2/v31  none         0/0             0.0/0.0     Init (18h59m1s/0)               
1/2/v32  none         0/0             0.0/0.0     Init (18h59m1s/0)               
1/2/v33  none         0/0             0.0/0.0     Init (18h59m1s/0)               
1/2/v34  none         0/0             0.0/0.0     Init (18h59m1s/0)               
1/2/v35  none         0/0             0.0/0.0     Init (18h59m1s/0)               
1/2/v36  none         0/0             0.0/0.0     Init (18h59m1s/0)               
1/2/v37  none         0/0             0.0/0.0     Init (18h59m2s/0)               
1/2/v38  none         0/0             0.0/0.0     Init (18h59m2s/0)               
1/2/v39  none         0/0             0.0/0.0     Init (18h59m2s/0)               
1/2/v40  none         0/0             0.0/0.0     Init (18h59m2s/0)               
1/2/v41  none         0/0             0.0/0.0     Init (18h59m2s/0)               
1/2/v42  none         0/0             0.0/0.0     Init (18h59m3s/0)               
1/2/v43  none         0/0             0.0/0.0     Init (18h59m3s/0)               
1/2/v44  none         0/0             0.0/0.0     Init (18h59m3s/0)               
1/2/v45  none         0/0             0.0/0.0     Init (18h59m4s/0)               
1/2/v46  none         0/0             0.0/0.0     Init (18h59m4s/0)               
1/2/v47  none         0/0             0.0/0.0     Init (18h59m4s/0)               
1/2/v48  none         0/0             0.0/0.0     Init (18h59m4s/0)               

96 DSL ports found.
N6>
N6>
N6>show dsl-port 1/1/v1 de
                        ^
% Invalid input detected at '^' marker
N6>show dsl-port 1/1/v1 de                       show dsl-port 1/1/v1 de
                        ^
% Invalid input detected at '^' marker
N6>show dsl-port 1/1/v1 de
                        ^
% Invalid input detected at '^' marker
N6>show dsl-port 1/1/v1 
<cr>
advanced                   - Show advanced information for a DSL port.
all                        - Show all information for a DSL port.
basic                      - Show basic information for a DSL port.
inventory                  - Show inventory information for a DSL port.
psd                        - Show power spectral density information for a DSL 
                             port.
status                     - Show current status for a DSL port.
subcarriers                - Show subcarriers for a DSL port.

N6>show dsl-port 1/1/v1 
Port     Mode         Rate (Us/Ds)    SNR (Us/Ds) Status (Cur. Time/Retrains)     
-------- ------------ --------------- ----------- --------------------------------
1/1/v1   none         0/0             0.0/0.0     Handshake (0s/0)                
N6>show dsl-port 1/1/v1  show dsl-port 1/1/v1 all
                         ^
% Invalid input detected at '^' marker
N6>show dsl-port 1/1/v1  show dsl-port 1/1/v1 all
                         ^
% Invalid input detected at '^' marker
N6>show dsl-port 1/1/v1 all
N6>show dsl-port 1/1/v1 all 
DSL port "1/1/v1":
Last template applied                 : 
Basic parameters:
  Service type                        : auto
  DSL bonded interface                : none
  Description                         : 
  Report events                       : enabled
  Power Save                          : disabled
  Power Save Timeout                  : 5 minutes
  VDSL GoS profile                    : 1
  Ethernet GoS profile                : 1
  Fallback VPI                        : 0
  Fallback VCI                        : 35
  VDSL2 profile                       : 8d
  Path latency                        : interleaved
  Downstream:
    Minimum/maximum rate              : 384K/100.000M
    Minimum/target/maximum SNR        : 0.0/6.0/16.0 dB
    Interleave max latency            : auto
    Minimum impulse noise protection  : 0.5 symbol
  Upstream:
    Minimum/maximum rate              : 0/15.000M
    Minimum/target/maximum SNR        : 0.0/6.0/16.0 dB
    Interleave max latency            : auto
    Minimum impulse noise protection  : 0.5 symbol
Advanced parameters:
  PTM override                        : ptm
  ATM header compression              : disabled
  Downstream:
    Rate adaptation mode              : init
    Downshift rate adaption           : 3.0 dB, 60 seconds
    Upshift rate adaptation           : 9.0 dB, 60 seconds
    Enhanced INP                      : none
    Minimum effective throughput      : 32K
    Maximum net data rate             : 128.000M
    Max delay for retransmission      : 20 ms
    Min INP against SHINE             : 4 symbols
    SHINE Ratio                       : 0.010 NDR
    Min INP against REIN              : 0 symbols
    REIN inter-arrival time           : 120 Hz
  Upstream:
    Rate adaptation mode              : init
    Downshift rate adaption           : 3.0 dB, 60 seconds
    Upshift rate adaptation           : 9.0 dB, 60 seconds
    Enhanced INP                      : none
    Minimum effective throughput      : 32K
    Maximum net data rate             : 128.000M
    Max delay for retransmission      : 20 ms
    Min INP against SHINE             : 4 symbols
    SHINE Ratio                       : 0.010 NDR
    Min INP against REIN              : 0 symbols
    REIN inter-arrival time           : 120 Hz
Power Spectral Density parameters:
  Limit mask                          : a-eu-32
  Upstream PBO:
    Band 1 parameter A                : 40.00 dBm/Hz
    Band 1 parameter B                : 0.00 dBm/Hz
    Band 2 parameter A                : 40.00 dBm/Hz
    Band 2 parameter B                : 0.00 dBm/Hz
    Band 3 parameter A                : 40.00 dBm/Hz
    Band 3 parameter B                : 0.00 dBm/Hz
    Band 4 parameter A                : 40.00 dBm/Hz
    Band 4 parameter B                : 0.00 dBm/Hz
    Kl0                               : no-force
  Downstream PBO:
    ESEL                              : 0.0 dB
    ESCM A                            : -1 dB
    ESCM B                            : -1 dB
    ESCM C                            : -1 dB
    MUS                               : 0.00 dBm/Hz
    FMIN                              : 0.0000 kHz
    FMAX                              : 29997.7500 kHz
    Breakpoints (subcarrier frequency, in kHz/PSD, in dBm/Hz):
     1: unused             2: unused           
     3: unused             4: unused           
     5: unused             6: unused           
     7: unused             8: unused           
     9: unused            10: unused           
    11: unused            12: unused           
    13: unused            14: unused           
    15: unused            16: unused           
    RFI Bands (start-end, in kHz):
     1: unused             2: unused           
     3: unused             4: unused           
     5: unused             6: unused           
     7: unused             8: unused           
     9: unused            10: unused           
    11: unused            12: unused           
    13: unused            14: unused           
    15: unused            16: unused           
    Gap Bands (start-end, in kHz):
     1: unused             2: unused           
     3: unused             4: unused           
DSL Vectoring parameters:
    Downstream vectoring mode         : enabled
    Upstream vectoring mode           : enabled
    Vectoring group                   : none
Current State: Init none 0 up/0 down
  Admin status                        : enabled, no alarms
  Operational status                  : system disabled
  Additional status info              : default provisioned, suppressed

Alarms:
	Loss of signal

Conditions:
	<none>
N6>
N6>
N6>show dsl-port 1/1/v1
N6>show dsl-port 1/1/v1
Port     Mode         Rate (Us/Ds)    SNR (Us/Ds) Status (Cur. Time/Retrains)     
-------- ------------ --------------- ----------- --------------------------------
1/1/v1   none         0/0             0.0/0.0     Training (14s/0)                
N6>show dsl-port 1/1/v1
N6>show dsl-port 1/1/v1
Port     Mode         Rate (Us/Ds)    SNR (Us/Ds) Status (Cur. Time/Retrains)     
-------- ------------ --------------- ----------- --------------------------------
1/1/v1   none         0/0             0.0/0.0     Training (17s/0)                
N6>show dsl-port 1/1/v1
N6>show dsl-port 1/1/v1
Port     Mode         Rate (Us/Ds)    SNR (Us/Ds) Status (Cur. Time/Retrains)     
-------- ------------ --------------- ----------- --------------------------------
1/1/v1   none         0/0             0.0/0.0     Training (19s/0)                
N6>show dsl-port 1/1/v1
N6>show dsl-port 1/1/v1
Port     Mode         Rate (Us/Ds)    SNR (Us/Ds) Status (Cur. Time/Retrains)     
-------- ------------ --------------- ----------- --------------------------------
1/1/v1   none         0/0             0.0/0.0     Init (2s/0)                     
N6>show dsl-port 1/1/v1
N6>show dsl-port 1/1/v1
Port     Mode         Rate (Us/Ds)    SNR (Us/Ds) Status (Cur. Time/Retrains)     
-------- ------------ --------------- ----------- --------------------------------
1/1/v1   none         0/0             0.0/0.0     Init (4s/0)                     
N6>set dsl-port 1/1/v1 basic 
<cr>
dsl-bond-interface         - Name of DSL bonded interface
service-type               - Service type for DSL port
path-latency               - Path latency for DSL port
fallback-vpi               - Fallback VPI for DSL port
fallback-vci               - Fallback VCI for DSL port
vdsl-profile               - VDSL profile for DSL port
report-events              - Report events for DSL port
power-save                 - Disable DSL services on A/C power failure
power-save-timeout         - Timeout in minutes for power-save feature
description                - Description of DSL port
ds-min-rate                - Minimum downstream rate for DSL port (Kb/s, or use 
                             "m" suffix for Mb/s)
ds-max-rate                - Maximum downstream rate for DSL port (Kb/s, or use 
                             "m" suffix for Mb/s)
us-min-rate                - Minimum upstream rate for DSL port (Kb/s, or use 
                             "m" suffix for Mb/s)
us-max-rate                - Maximum upstream rate for DSL port (Kb/s, or use 
                             "m" suffix for Mb/s)
dsl-gos                    - Index of DSL GOS profile to use
eth-gos                    - Index of Ethernet GOS profile to use
ds-min-inp                 - Minimum downstream impulse noise protection
us-min-inp                 - Minimum upstream impulse noise protection
ds-intrlv-max-latency      - Downstream interleave maximum latency (msec)
us-intrlv-max-latency      - Upstream interleave maximum latency (msec)
ds-min-snr                 - Minimum downstream SNR margin (dB, in .1 dB 
                             increments)
ds-max-snr                 - Maximum downstream SNR margin (dB, in .1 dB 
                             increments)
ds-target-snr              - Target downstream SNR margin (dB, in .1 dB 
                             increments)
us-min-snr                 - Minimum upstream SNR margin (dB, in .1 dB 
                             increments)
us-max-snr                 - Maximum upstream SNR margin (dB, in .1 dB 
                             increments)
us-target-snr              - Target upstream SNR margin (dB, in .1 dB 
                             increments)
admin-state                - Admin state of port

N6>set dsl-port 1/1/v1 basic 
success: Modify DSL port "1/1/v1".
N6>vdsl-pro
   ^
% Invalid input detected at '^' marker
N6>vdsl-pro        set dsl-port 1/1/v1 basic   vdsl-pro
N6>set dsl-port 1/1/v1 basic   vdsl-profile 
% Invalid or incomplete command
N6>set dsl-port 1/1/v1 basic vdsl-profile 17a
N6>set dsl-port 1/1/v1 basic vdsl-profile 17a 
success: Modify DSL port "1/1/v1".
N6>en
N6>enable        enable  dsl-port 1/1/v1
N6>enable  dsl-port 1/1/v1
major ALARM for DSL port "1/1/v1" at 2015/11/25 15:36:24.18:
    "Loss of signal"
    (affects service)
success: Enable DSL port "1/1/v1".
N6>show dsl-port 1/1/v1
N6>show dsl-port 1/1/v1
Port     Mode         Rate (Us/Ds)    SNR (Us/Ds) Status (Cur. Time/Retrains)     
-------- ------------ --------------- ----------- --------------------------------
1/1/v1   none         0/0             0.0/0.0     Training (4s/0)                 
N6>show dsl-port 1/1/v1
N6>show dsl-port 1/1/v1
Port     Mode         Rate (Us/Ds)    SNR (Us/Ds) Status (Cur. Time/Retrains)     
-------- ------------ --------------- ----------- --------------------------------
1/1/v1   none         0/0             0.0/0.0     Training (8s/0)                 
N6>show dsl-port 1/1/v1
N6>show dsl-port 1/1/v1
Port     Mode         Rate (Us/Ds)    SNR (Us/Ds) Status (Cur. Time/Retrains)     
-------- ------------ --------------- ----------- --------------------------------
1/1/v1   none         0/0             0.0/0.0     Training (9s/0)                 
N6>show dsl-port 1/1/v1
N6>show dsl-port 1/1/v1
Port     Mode         Rate (Us/Ds)    SNR (Us/Ds) Status (Cur. Time/Retrains)     
-------- ------------ --------------- ----------- --------------------------------
1/1/v1   none         0/0             0.0/0.0     Training (11s/0)                
N6>show dsl-port 1/1/v1
N6>show dsl-port 1/1/v1
Port     Mode         Rate (Us/Ds)    SNR (Us/Ds) Status (Cur. Time/Retrains)     
-------- ------------ --------------- ----------- --------------------------------
1/1/v1   none         0/0             0.0/0.0     Training (13s/0)                
N6>show dsl-port 1/1/v1
N6>show dsl-port 1/1/v1
Port     Mode         Rate (Us/Ds)    SNR (Us/Ds) Status (Cur. Time/Retrains)     
-------- ------------ --------------- ----------- --------------------------------
1/1/v1   none         0/0             0.0/0.0     Training (14s/0)                
N6>show dsl-port 1/1/v1
N6>show dsl-port 1/1/v1
Port     Mode         Rate (Us/Ds)    SNR (Us/Ds) Status (Cur. Time/Retrains)     
-------- ------------ --------------- ----------- --------------------------------
1/1/v1   none         0/0             0.0/0.0     Training (16s/0)                
N6>show dsl-port 1/1/v1
N6>show dsl-port 1/1/v1
Port     Mode         Rate (Us/Ds)    SNR (Us/Ds) Status (Cur. Time/Retrains)     
-------- ------------ --------------- ----------- --------------------------------
1/1/v1   none         0/0             0.0/0.0     Training (17s/0)                
N6>show dsl-port 1/1/v1
N6>show dsl-port 1/1/v1
Port     Mode         Rate (Us/Ds)    SNR (Us/Ds) Status (Cur. Time/Retrains)     
-------- ------------ --------------- ----------- --------------------------------
1/1/v1   none         0/0             0.0/0.0     Init (2s/0)                     
N6>
N6>
N6>
N6>
N6>show dsl-port 1/1/v1
N6>show dsl-port 1/1/v1
Port     Mode         Rate (Us/Ds)    SNR (Us/Ds) Status (Cur. Time/Retrains)     
-------- ------------ --------------- ----------- --------------------------------
1/1/v1   none         0/0             0.0/0.0     Init (43s/0)                    
N6>show dsl-port 1/1/v1
N6>show dsl-port 1/1/v1
Port     Mode         Rate (Us/Ds)    SNR (Us/Ds) Status (Cur. Time/Retrains)     
-------- ------------ --------------- ----------- --------------------------------
1/1/v1   none         0/0             0.0/0.0     Init (0s/0)                     
N6>show dsl-port 1/1/v1
N6>show dsl-port 1/1/v1
Port     Mode         Rate (Us/Ds)    SNR (Us/Ds) Status (Cur. Time/Retrains)     
-------- ------------ --------------- ----------- --------------------------------
1/1/v1   none         0/0             0.0/0.0     Init (3s/0)                     
N6>show dsl-port 1/1/v1
N6>show dsl-port 1/1/v1
Port     Mode         Rate (Us/Ds)    SNR (Us/Ds) Status (Cur. Time/Retrains)     
-------- ------------ --------------- ----------- --------------------------------
1/1/v1   none         0/0             0.0/0.0     Init (5s/0)                     
N6>show dsl-port 1/1/v1
N6>show dsl-port 1/1/v1
Port     Mode         Rate (Us/Ds)    SNR (Us/Ds) Status (Cur. Time/Retrains)     
-------- ------------ --------------- ----------- --------------------------------
1/1/v1   none         0/0             0.0/0.0     Init (7s/0)                     
N6>
N6>
N6>
N6>
N6>
N6>
N6>
N6>
N6>
N6>
N6>
N6>
N6>
N6>
N6>show dsl-port 1/1/v1
N6>show dsl-port 1/1/v1
Port     Mode         Rate (Us/Ds)    SNR (Us/Ds) Status (Cur. Time/Retrains)     
-------- ------------ --------------- ----------- --------------------------------
1/1/v1   none         0/0             0.0/0.0     Init (1m5s/0)                   
N6>show dsl-port 1/1/v1
N6>show dsl-port 1/1/v1
Port     Mode         Rate (Us/Ds)    SNR (Us/Ds) Status (Cur. Time/Retrains)     
-------- ------------ --------------- ----------- --------------------------------
1/1/v1   none         0/0             0.0/0.0     Init (1m7s/0)                   
N6>show dsl-port 1/1/v1
N6>show dsl-port 1/1/v1
Port     Mode         Rate (Us/Ds)    SNR (Us/Ds) Status (Cur. Time/Retrains)     
-------- ------------ --------------- ----------- --------------------------------
1/1/v1   none         0/0             0.0/0.0     Init (1m9s/0)                   
N6>create 
bw-profile                 - Create a bandwidth profile.
card                       - Create a card.
certificate                - Generate a new SSL/TLS certificate for the secure 
                             webserver..
class-map                  - Create a classification map.
cos-queue-cfg              - Create a COS queue configuration.
dial-plan                  - Create a dial plan.
dscp-map                   - Create a DSCP map.
dsl-bond-interface         - Create a DSL bonded interface.
dsl-port-gos               - Create a DSL port grade-of-service profile.
dsl-template               - Create a DSL port template.
erps-domain                - Create an ERPS domain.
eth-gos                    - Create an Ethernet grade-of-service profile.
eth-mirror                 - Create the Ethernet mirror.
eth-sec-profile            - Create an Ethernet security profile.
ffp-group                  - Create a Fast Facility Protection (FFP) group.
frame-measure-profile      - Create an Ethernet OAM frame measurement profile.
g8032-ring                 - Create an G.8032 Ring.
h248-gw                    - Create a H.248 gateway.
h248-gw-profile            - Create a H.248 gateway profile.
igmp-profile               - Create an IGMP profile.
interface                  - Create an LAG interface.
ip-host                    - Create attributes for a linecard IP host.
ip-precedence-map          - Create an IP precedence map.
l2cp-filter                - Create a layer-2 control protocol filter.
mcast-map                  - Create a multicast address map.
mcast-profile              - Create a multicast profile.
mcast-white-list           - Create a multicast white list.
meg                        - Create an Ethernet OAM maintentence entity group.
mgcp-profile               - Create a MGCP gateway profile.
mvr-profile                - Create a multicast VLAN registration profile.
ont                        - Create an ONT.
ont-dbg-image              - Create an ONT debug image, using a file from a 
                             remote system.
ont-eth-gos                - Create an ONT Ethernet grade-of-service profile.
ont-profile                - Create an ONT profile.
ont-pwe3-profile           - Create an ONT PWE3 profile.
ont-pwe3-svc-gos           - Create an ONT PWE3 service grade-of-service 
                             profile.
ont-t1-gos                 - Create an ONT T1 grade-of-service profile.
policy-map                 - Create a policy map.
pon-us-cos-prof            - Create an PON Upstream COS Profile.
pppoe-profile              - Create a PPPoE profile.
rg-mgmt-profile            - Create an RG management profile.
shelf                      - Create a shelf.
sip-gw-profile             - Create a SIP gateway profile.
sip-rmt-cfg-profile        - Create a SIP remote configuration profile.
snmp                       - Create SNMP user, community or trap destination.
svc-match-list             - Create a service match-list.
svc-tag-action             - Create a service tag-action.
syslog-server              - Create a Syslog server.
t1-pwe3-profile            - Create a T1 port PWE3 profile.
tag-action                 - Create a tag action on an interface.
tdm-gw-profile             - Create a TDM gateway profile.
user                       - Create a new user account.
vlan                       - Create a VLAN.
vlan-monitor               - Create a VLAN monitor.

N6>create 
% Invalid or incomplete command
N6>dsl
   ^
% Invalid input detected at '^' marker
N6>dslAlarm CLEARED for DSL port "1/1/v1" at 2015/11/26 11:06:01.62:
    "Loss of signal"
   create
N6>create 
% Invalid or incomplete command
N6>show dsl-port 1/1/v1
N6>show dsl-port 1/1/v1
Port     Mode         Rate (Us/Ds)    SNR (Us/Ds) Status (Cur. Time/Retrains)     
-------- ------------ --------------- ----------- --------------------------------
1/1/v1   adsl2+       1.227M/26.393M  6.2/10.3    Showtime (14s/0)                
N6>show dsl-port 1/1/v2
N6>show dsl-port 1/1/v2
Port     Mode         Rate (Us/Ds)    SNR (Us/Ds) Status (Cur. Time/Retrains)     
-------- ------------ --------------- ----------- --------------------------------
1/1/v2   adsl2+       1.219M/26.509M  8.4/11.1    Showtime (25s/0)                
N6>show dsl-port 1/1/v3
N6>show dsl-port 1/1/v3
Port     Mode         Rate (Us/Ds)    SNR (Us/Ds) Status (Cur. Time/Retrains)     
-------- ------------ --------------- ----------- --------------------------------
1/1/v3   none         0/0             0.0/0.0     Init (3m37s/0)                  
N6>show dsl-port 1/1/v4
N6>show dsl-port 1/1/v4
Port     Mode         Rate (Us/Ds)    SNR (Us/Ds) Status (Cur. Time/Retrains)     
-------- ------------ --------------- ----------- --------------------------------
1/1/v4   none         0/0             0.0/0.0     Training (17s/0)                
N6>
N6>
N6>
N6>
N6>
N6>
N6>
N6>
N6>en
N6>enable        enable dsl-port 1/1/v2
N6>enable dsl-port 1/1/v2
success: Enable DSL port "1/1/v2".
N6>enable dsl-port 1/1/v3
N6>enable dsl-port 1/1/v3
success: Enable DSL port "1/1/v3".
N6>enable dsl-port 1/1/v4
N6>enable dsl-port 1/1/v4
success: Enable DSL port "1/1/v4".
N6>show dsl-port 1/1/v4
N6>show dsl-port 1/1/v4
Port     Mode         Rate (Us/Ds)    SNR (Us/Ds) Status (Cur. Time/Retrains)     
-------- ------------ --------------- ----------- --------------------------------
1/1/v4   adsl2+       1.231M/26.489M  7.9/11.8    Showtime (49s/0)                
N6>show dsl-port 1/1/v3
N6>show dsl-port 1/1/v3
Port     Mode         Rate (Us/Ds)    SNR (Us/Ds) Status (Cur. Time/Retrains)     
-------- ------------ --------------- ----------- --------------------------------
1/1/v3   adsl2+       1.224M/26.270M  7.8/8.3     Showtime (52s/0)                
N6>show dsl-port 1/1/v1
N6>show dsl-port 1/1/v1
Port     Mode         Rate (Us/Ds)    SNR (Us/Ds) Status (Cur. Time/Retrains)     
-------- ------------ --------------- ----------- --------------------------------
1/1/v1   adsl2+       1.227M/26.393M  8.7/8.5     Showtime (7m4s/0)               
N6>show dsl-port 1/1/v2
N6>show dsl-port 1/1/v2
Port     Mode         Rate (Us/Ds)    SNR (Us/Ds) Status (Cur. Time/Retrains)     
-------- ------------ --------------- ----------- --------------------------------
1/1/v2   adsl2+       1.219M/26.509M  8.6/10.8    Showtime (7m14s/0)              
N6>
N6>
N6>
N6>
N6>
N6>
N6>
N6>
N6>
N6>
N6>
N6>
N6>
N6>
N6>
N6>
N6>
N6>
N6>
N6>
N6>
N6>
N6>show ver
N6>show version              show version
N6>show version 
* = active controller.

Card       Present Running Vers.   Committed Vers. Alt. Vers.     
---------- ------- --------------- --------------- ---------------
*1/1       yes     2.4.45.22       2.4.45.22       2.4.45.14      
 1/2       yes     2.4.45.22       2.4.45.22       2.4.45.14      
N6>show dsl-port 1/1/v1 all
N6>show dsl-port 1/1/v1 all 
DSL port "1/1/v1":
Last template applied                 : 
Basic parameters:
  Service type                        : auto
  DSL bonded interface                : none
  Description                         : 
  Report events                       : enabled
  Power Save                          : disabled
  Power Save Timeout                  : 5 minutes
  VDSL GoS profile                    : 1
  Ethernet GoS profile                : 1
  Fallback VPI                        : 0
  Fallback VCI                        : 35
  VDSL2 profile                       : 17a
  Path latency                        : interleaved
  Downstream:
    Minimum/maximum rate              : 384K/100.000M
    Minimum/target/maximum SNR        : 0.0/6.0/16.0 dB
    Interleave max latency            : auto
    Minimum impulse noise protection  : 0.5 symbol
  Upstream:
    Minimum/maximum rate              : 0/35.000M
    Minimum/target/maximum SNR        : 0.0/6.0/16.0 dB
    Interleave max latency            : auto
    Minimum impulse noise protection  : 0.5 symbol
Advanced parameters:
  PTM override                        : ptm
  ATM header compression              : disabled
  Downstream:
    Rate adaptation mode              : init
    Downshift rate adaption           : 3.0 dB, 60 seconds
    Upshift rate adaptation           : 9.0 dB, 60 seconds
    Enhanced INP                      : none
    Minimum effective throughput      : 32K
    Maximum net data rate             : 128.000M
    Max delay for retransmission      : 20 ms
    Min INP against SHINE             : 4 symbols
    SHINE Ratio                       : 0.010 NDR
    Min INP against REIN              : 0 symbols
    REIN inter-arrival time           : 120 Hz
  Upstream:
    Rate adaptation mode              : init
    Downshift rate adaption           : 3.0 dB, 60 seconds
    Upshift rate adaptation           : 9.0 dB, 60 seconds
    Enhanced INP                      : none
    Minimum effective throughput      : 32K
    Maximum net data rate             : 128.000M
    Max delay for retransmission      : 20 ms
    Min INP against SHINE             : 4 symbols
    SHINE Ratio                       : 0.010 NDR
    Min INP against REIN              : 0 symbols
    REIN inter-arrival time           : 120 Hz
Power Spectral Density parameters:
  Limit mask                          : a-eu-32
  Upstream PBO:
    Band 1 parameter A                : 40.00 dBm/Hz
    Band 1 parameter B                : 0.00 dBm/Hz
    Band 2 parameter A                : 40.00 dBm/Hz
    Band 2 parameter B                : 0.00 dBm/Hz
    Band 3 parameter A                : 40.00 dBm/Hz
    Band 3 parameter B                : 0.00 dBm/Hz
    Band 4 parameter A                : 40.00 dBm/Hz
    Band 4 parameter B                : 0.00 dBm/Hz
    Kl0                               : no-force
  Downstream PBO:
    ESEL                              : 0.0 dB
    ESCM A                            : -1 dB
    ESCM B                            : -1 dB
    ESCM C                            : -1 dB
    MUS                               : 0.00 dBm/Hz
    FMIN                              : 0.0000 kHz
    FMAX                              : 29997.7500 kHz
    Breakpoints (subcarrier frequency, in kHz/PSD, in dBm/Hz):
     1: unused             2: unused           
     3: unused             4: unused           
     5: unused             6: unused           
     7: unused             8: unused           
     9: unused            10: unused           
    11: unused            12: unused           
    13: unused            14: unused           
    15: unused            16: unused           
    RFI Bands (start-end, in kHz):
     1: unused             2: unused           
     3: unused             4: unused           
     5: unused             6: unused           
     7: unused             8: unused           
     9: unused            10: unused           
    11: unused            12: unused           
    13: unused            14: unused           
    15: unused            16: unused           
    Gap Bands (start-end, in kHz):
     1: unused             2: unused           
     3: unused             4: unused           
DSL Vectoring parameters:
    Downstream vectoring mode         : enabled
    Upstream vectoring mode           : enabled
    Vectoring group                   : none
Current State: Showtime adsl2+ 1.227M up/26.393M down
  Admin status                        : enabled
  Operational status                  : enabled
  Additional status info              : 

Alarms:
	<none>

Conditions:
	<none>
N6>show dsl-port 1/1/v2 all
N6>show dsl-port 1/1/v2 all 
DSL port "1/1/v2":
Last template applied                 : 
Basic parameters:
  Service type                        : auto
  DSL bonded interface                : none
  Description                         : 
  Report events                       : enabled
  Power Save                          : disabled
  Power Save Timeout                  : 5 minutes
  VDSL GoS profile                    : 1
  Ethernet GoS profile                : 1
  Fallback VPI                        : 0
  Fallback VCI                        : 35
  VDSL2 profile                       : 8d
  Path latency                        : interleaved
  Downstream:
    Minimum/maximum rate              : 384K/100.000M
    Minimum/target/maximum SNR        : 0.0/6.0/16.0 dB
    Interleave max latency            : auto
    Minimum impulse noise protection  : 0.5 symbol
  Upstream:
    Minimum/maximum rate              : 0/15.000M
    Minimum/target/maximum SNR        : 0.0/6.0/16.0 dB
    Interleave max latency            : auto
    Minimum impulse noise protection  : 0.5 symbol
Advanced parameters:
  PTM override                        : ptm
  ATM header compression              : disabled
  Downstream:
    Rate adaptation mode              : init
    Downshift rate adaption           : 3.0 dB, 60 seconds
    Upshift rate adaptation           : 9.0 dB, 60 seconds
    Enhanced INP                      : none
    Minimum effective throughput      : 32K
    Maximum net data rate             : 128.000M
    Max delay for retransmission      : 20 ms
    Min INP against SHINE             : 4 symbols
    SHINE Ratio                       : 0.010 NDR
    Min INP against REIN              : 0 symbols
    REIN inter-arrival time           : 120 Hz
  Upstream:
    Rate adaptation mode              : init
    Downshift rate adaption           : 3.0 dB, 60 seconds
    Upshift rate adaptation           : 9.0 dB, 60 seconds
    Enhanced INP                      : none
    Minimum effective throughput      : 32K
    Maximum net data rate             : 128.000M
    Max delay for retransmission      : 20 ms
    Min INP against SHINE             : 4 symbols
    SHINE Ratio                       : 0.010 NDR
    Min INP against REIN              : 0 symbols
    REIN inter-arrival time           : 120 Hz
Power Spectral Density parameters:
  Limit mask                          : a-eu-32
  Upstream PBO:
    Band 1 parameter A                : 40.00 dBm/Hz
    Band 1 parameter B                : 0.00 dBm/Hz
    Band 2 parameter A                : 40.00 dBm/Hz
    Band 2 parameter B                : 0.00 dBm/Hz
    Band 3 parameter A                : 40.00 dBm/Hz
    Band 3 parameter B                : 0.00 dBm/Hz
    Band 4 parameter A                : 40.00 dBm/Hz
    Band 4 parameter B                : 0.00 dBm/Hz
    Kl0                               : no-force
  Downstream PBO:
    ESEL                              : 0.0 dB
    ESCM A                            : -1 dB
    ESCM B                            : -1 dB
    ESCM C                            : -1 dB
    MUS                               : 0.00 dBm/Hz
    FMIN                              : 0.0000 kHz
    FMAX                              : 29997.7500 kHz
    Breakpoints (subcarrier frequency, in kHz/PSD, in dBm/Hz):
     1: unused             2: unused           
     3: unused             4: unused           
     5: unused             6: unused           
     7: unused             8: unused           
     9: unused            10: unused           
    11: unused            12: unused           
    13: unused            14: unused           
    15: unused            16: unused           
    RFI Bands (start-end, in kHz):
     1: unused             2: unused           
     3: unused             4: unused           
     5: unused             6: unused           
     7: unused             8: unused           
     9: unused            10: unused           
    11: unused            12: unused           
    13: unused            14: unused           
    15: unused            16: unused           
    Gap Bands (start-end, in kHz):
     1: unused             2: unused           
     3: unused             4: unused           
DSL Vectoring parameters:
    Downstream vectoring mode         : enabled
    Upstream vectoring mode           : enabled
    Vectoring group                   : none
Current State: Showtime adsl2+ 1.219M up/26.509M down
  Admin status                        : enabled
  Operational status                  : enabled
  Additional status info              : 

Alarms:
	<none>

Conditions:
	<none>
N6>show dsl-port 1/1/v3 all
N6>show dsl-port 1/1/v3 all 
DSL port "1/1/v3":
Last template applied                 : 
Basic parameters:
  Service type                        : auto
  DSL bonded interface                : none
  Description                         : 
  Report events                       : enabled
  Power Save                          : disabled
  Power Save Timeout                  : 5 minutes
  VDSL GoS profile                    : 1
  Ethernet GoS profile                : 1
  Fallback VPI                        : 0
  Fallback VCI                        : 35
  VDSL2 profile                       : 8d
  Path latency                        : interleaved
  Downstream:
    Minimum/maximum rate              : 384K/100.000M
    Minimum/target/maximum SNR        : 0.0/6.0/16.0 dB
    Interleave max latency            : auto
    Minimum impulse noise protection  : 0.5 symbol
  Upstream:
    Minimum/maximum rate              : 0/15.000M
    Minimum/target/maximum SNR        : 0.0/6.0/16.0 dB
    Interleave max latency            : auto
    Minimum impulse noise protection  : 0.5 symbol
Advanced parameters:
  PTM override                        : ptm
  ATM header compression              : disabled
  Downstream:
    Rate adaptation mode              : init
    Downshift rate adaption           : 3.0 dB, 60 seconds
    Upshift rate adaptation           : 9.0 dB, 60 seconds
    Enhanced INP                      : none
    Minimum effective throughput      : 32K
    Maximum net data rate             : 128.000M
    Max delay for retransmission      : 20 ms
    Min INP against SHINE             : 4 symbols
    SHINE Ratio                       : 0.010 NDR
    Min INP against REIN              : 0 symbols
    REIN inter-arrival time           : 120 Hz
  Upstream:
    Rate adaptation mode              : init
    Downshift rate adaption           : 3.0 dB, 60 seconds
    Upshift rate adaptation           : 9.0 dB, 60 seconds
    Enhanced INP                      : none
    Minimum effective throughput      : 32K
    Maximum net data rate             : 128.000M
    Max delay for retransmission      : 20 ms
    Min INP against SHINE             : 4 symbols
    SHINE Ratio                       : 0.010 NDR
    Min INP against REIN              : 0 symbols
    REIN inter-arrival time           : 120 Hz
Power Spectral Density parameters:
  Limit mask                          : a-eu-32
  Upstream PBO:
    Band 1 parameter A                : 40.00 dBm/Hz
    Band 1 parameter B                : 0.00 dBm/Hz
    Band 2 parameter A                : 40.00 dBm/Hz
    Band 2 parameter B                : 0.00 dBm/Hz
    Band 3 parameter A                : 40.00 dBm/Hz
    Band 3 parameter B                : 0.00 dBm/Hz
    Band 4 parameter A                : 40.00 dBm/Hz
    Band 4 parameter B                : 0.00 dBm/Hz
    Kl0                               : no-force
  Downstream PBO:
    ESEL                              : 0.0 dB
    ESCM A                            : -1 dB
    ESCM B                            : -1 dB
    ESCM C                            : -1 dB
    MUS                               : 0.00 dBm/Hz
    FMIN                              : 0.0000 kHz
    FMAX                              : 29997.7500 kHz
    Breakpoints (subcarrier frequency, in kHz/PSD, in dBm/Hz):
     1: unused             2: unused           
     3: unused             4: unused           
     5: unused             6: unused           
     7: unused             8: unused           
     9: unused            10: unused           
    11: unused            12: unused           
    13: unused            14: unused           
    15: unused            16: unused           
    RFI Bands (start-end, in kHz):
     1: unused             2: unused           
     3: unused             4: unused           
     5: unused             6: unused           
     7: unused             8: unused           
     9: unused            10: unused           
    11: unused            12: unused           
    13: unused            14: unused           
    15: unused            16: unused           
    Gap Bands (start-end, in kHz):
     1: unused             2: unused           
     3: unused             4: unused           
DSL Vectoring parameters:
    Downstream vectoring mode         : enabled
    Upstream vectoring mode           : enabled
    Vectoring group                   : none
Current State: Showtime adsl2+ 1.224M up/26.270M down
  Admin status                        : enabled
  Operational status                  : enabled
  Additional status info              : 

Alarms:
	<none>

Conditions:
	<none>
N6>create 
bw-profile                 - Create a bandwidth profile.
card                       - Create a card.
certificate                - Generate a new SSL/TLS certificate for the secure 
                             webserver..
class-map                  - Create a classification map.
cos-queue-cfg              - Create a COS queue configuration.
dial-plan                  - Create a dial plan.
dscp-map                   - Create a DSCP map.
dsl-bond-interface         - Create a DSL bonded interface.
dsl-port-gos               - Create a DSL port grade-of-service profile.
dsl-template               - Create a DSL port template.
erps-domain                - Create an ERPS domain.
eth-gos                    - Create an Ethernet grade-of-service profile.
eth-mirror                 - Create the Ethernet mirror.
eth-sec-profile            - Create an Ethernet security profile.
ffp-group                  - Create a Fast Facility Protection (FFP) group.
frame-measure-profile      - Create an Ethernet OAM frame measurement profile.
g8032-ring                 - Create an G.8032 Ring.
h248-gw                    - Create a H.248 gateway.
h248-gw-profile            - Create a H.248 gateway profile.
igmp-profile               - Create an IGMP profile.
interface                  - Create an LAG interface.
ip-host                    - Create attributes for a linecard IP host.
ip-precedence-map          - Create an IP precedence map.
l2cp-filter                - Create a layer-2 control protocol filter.
mcast-map                  - Create a multicast address map.
mcast-profile              - Create a multicast profile.
mcast-white-list           - Create a multicast white list.
meg                        - Create an Ethernet OAM maintentence entity group.
mgcp-profile               - Create a MGCP gateway profile.
mvr-profile                - Create a multicast VLAN registration profile.
ont                        - Create an ONT.
ont-dbg-image              - Create an ONT debug image, using a file from a 
                             remote system.
ont-eth-gos                - Create an ONT Ethernet grade-of-service profile.
ont-profile                - Create an ONT profile.
ont-pwe3-profile           - Create an ONT PWE3 profile.
ont-pwe3-svc-gos           - Create an ONT PWE3 service grade-of-service 
                             profile.
ont-t1-gos                 - Create an ONT T1 grade-of-service profile.
policy-map                 - Create a policy map.
pon-us-cos-prof            - Create an PON Upstream COS Profile.
pppoe-profile              - Create a PPPoE profile.
rg-mgmt-profile            - Create an RG management profile.
shelf                      - Create a shelf.
sip-gw-profile             - Create a SIP gateway profile.
sip-rmt-cfg-profile        - Create a SIP remote configuration profile.
snmp                       - Create SNMP user, community or trap destination.
svc-match-list             - Create a service match-list.
svc-tag-action             - Create a service tag-action.
syslog-server              - Create a Syslog server.
t1-pwe3-profile            - Create a T1 port PWE3 profile.
tag-action                 - Create a tag action on an interface.
tdm-gw-profile             - Create a TDM gateway profile.
user                       - Create a new user account.
vlan                       - Create a VLAN.
vlan-monitor               - Create a VLAN monitor.

N6>create 
% Invalid or incomplete command
N6>create  dsl-bond-interface 
<DSL bonded interface>     - <shelf/card>/<DSL bonded interface name>           
                             Example: 2/1/name

N6>create  dsl-bond-interface 
% Invalid or incomplete command
N6>
N6>create  dsl-bond-interface  1/1/g1
N6>create  dsl-bond-interface  1/1/g1
success: Create DSL bonded interface "1/1/g1".
N6>add dsl
N6>add dsl-port              add dsl-port  
<DSL port>                 - <shelf/card/dsl-port>                              
                             Example: 1/2/v4

N6>add dsl-port  
% Invalid or incomplete command
N6>add dsl-port    1/1/v1 
to-eth-mirror              - Add a source to the Ethernet mirror.

N6>add dsl-port    1/1/v1 
% Invalid or incomplete command
N6>add dsl-port    1/1/v1  
to-eth-mirror              - Add a source to the Ethernet mirror.

N6>add dsl-port    1/1/v1  
% Invalid or incomplete command
N6>add dsl-port    1/1/v1
N6>add dsl-port    1/1/v1
% Invalid or incomplete command
N6>create dsl-group 1/1/g1 
          ^
% Invalid input detected at '^' marker
N6>create dsl-group 1/1/g1 
          ^
% Invalid input detected at '^' marker
N6>create dsl-group 1/1/g1
          ^
% Invalid input detected at '^' marker
N6>create dsl-group 1/1/g1
          ^
% Invalid input detected at '^' marker
N6>create dsl-group 1/1/g1 
          ^
% Invalid input detected at '^' marker
N6>create dsl-group 1/1/g1 
          ^
% Invalid input detected at '^' marker
N6>create dsl-group 1/1/g1
          ^
% Invalid input detected at '^' marker
N6>create dsl-group 1/1/g1
          ^
% Invalid input detected at '^' marker
N6>show dsl-bon
N6>show dsl-bond-interface                         show dsl-bond-interface  1/1/g1
N6>show dsl-bond-interface  1/1/g1
DSL Bonded Interface                 Status         
------------------------------------ ---------------
1/1/g1                               enabled        
N6>show dsl-bond-interface  1/1/g1 
<cr>
detail                     - Show detailed help for a DSL bonded interface
eth-svc                    - Show all Ethernet services on a DSL bonded 
                             interface.
igmp-counters              - Show IGMP counters for a DSL bonded interface.
mac                        - Show MAC addresses on a DSL bond interface.
mcast                      - Show multicast groups being forwarded on a DSL 
                             bond interface.
members                    - Show DSL ports in a DSL bond interface.
pppoe                      - Show PPPoE discovery statistics for DSL bonded 
                             interface.
vlans                      - Show VLANs on a DSL bond interface

N6>show dsl-bond-interface  1/1/g1 
DSL Bonded Interface                 Status         
------------------------------------ ---------------
1/1/g1                               enabled        
N6>show dsl-bond-interface  1/1/g1  detail
N6>show dsl-bond-interface  1/1/g1  detail 
DSL bonded interface "1/1/g1"
Description              : 
Subscriber ID            : 
P-bit map                : DSCP to p-bit map "access"
Security profile         : system-default
IGMP immediate leave     : use-vlan-setting
IGMP operating version   : N/A
Downstream minimum rate  : 0
Upstream minimum rate    : 0
  Status                 : enabled, no alarms
    Bonding state        : dormant
    Bonding scheme       : indeterminate
    Downstream rate      : 0
    Upstream rate        : 0
    Active facilities    : <none>
    Inactive facilities  : <none>
    Operational status   : enabled
    Additional info      : 

Alarms:
	<none>

Conditions:
	<none>
N6>set dsl-port 1/1/v1 
advanced                   - Set advanced DSL port attributes.
basic                      - Set basic DSL port attributes.
defaults                   - Set DSL port attributes back to default.
psd                        - Set power spectral density attributes for a DSL 
                             port.

N6>set dsl-port 1/1/v1 
% Invalid or incomplete command
N6>set dsl-port 1/1/v1  set dsl-port 1/1/v1 advanced 

N6>set dsl-port 1/1/v1  set dsl-port 1/1/v1 advanced 
% Invalid or incomplete command
N6>set dsl-port 1/1/v1  set dsl-port 1/1/v1 advanced
N6>set dsl-port 1/1/v1  set dsl-port 1/1/v1 advanced
% Invalid or incomplete command
N6>set dsl-port 1/1/v1 advance 
<cr>
ptm-override               - PTM override mode for DSL port
ds-rate-adapt-mode         - Downstream rate adaptation mode for DSL port
us-rate-adapt-mode         - Upstream rate adaptation mode for DSL port
ds-downshift-adapt-margin  - Downstream downshift rate adaptation margin (dB, 
                             in .1 dB increments)
ds-upshift-adapt-margin    - Downstream upshift rate adaptation margin (dB, in 
                             .1 dB increments)
us-downshift-adapt-margin  - Upstream downshift rate adaption margin (dB, in .1 
                             dB increments)
us-upshift-adapt-margin    - Upstream upshift rate adaption margin (dB, in .1 
                             dB increments)
ds-downshift-adapt-time    - Downstream downshift rate adaptation time (sec)
ds-upshift-adapt-time      - Downstream upshift rate adaptation time (sec)
us-downshift-adapt-time    - Upstream downshift rate adaptation time (sec)
us-upshift-adapt-time      - Upstream upshift rate adaptation time (sec)
ds-enhanced-inp            - Downstream enhanced impulse noise protection mode
us-enhanced-inp            - Upstream enhanced impulse noise protection mode
ds-ginp-minetr             - Downstream minimum effective throughput (Kb/s, or 
                             use "m" suffix for Mb/s)
us-ginp-minetr             - Upstream minimum effective throughput (Kb/s, or 
                             use "m" suffix for Mb/s)
ds-ginp-maxndr             - Downstream maximum net data rate (Kb/s, or use "m" 
                             suffix for Mb/s)
us-ginp-maxndr             - Upstream maximum net data rate (Kb/s, or use "m" 
                             suffix for Mb/s)
ds-ginp-delaymax           - Downstream maximum allowed delay for 
                             retransmission. (ms, in 1 ms increments)
us-ginp-delaymax           - Upstream maximum allowed delay for retransmission. 
                             (ms, in 1 ms increments)
ds-ginp-inpmin-shine       - Downstream minimum impulse noise protection 
                             against SHINE (symbols)
us-ginp-inpmin-shine       - Upstream minimum impulse noise protection against 
                             SHINE (symbols)
ds-ginp-shineratio         - Downstream SHINE Ratio (NDR, in .001 increments)
us-ginp-shineratio         - Upstream SHINE Ratio (NDR, in .001 increments)
ds-ginp-inpmin-rein        - Downstream minimum impulse noise protection 
                             against REIN (symbols)
us-ginp-inpmin-rein        - Upstream minimum impulse noise protection against 
                             REIN (symbols)
ds-ginp-iat-rein           - Downstream REIN inter-arrival time (Hz)
us-ginp-iat-rein           - Upstream REIN inter-arrival time (Hz)
atm-header-compress        - ATM header compression

N6>set dsl-port 1/1/v1 advance 
success: Modify DSL port "1/1/v1".
N6>set dsl-port 1/1/v1 advance
N6>set dsl-port 1/1/v1 advanced 
success: Modify DSL port "1/1/v1".
N6>set dsl-port 1/1/v1 advanced basic 
unknown option:            - "basic"
ptm-override               - PTM override mode for DSL port
ds-rate-adapt-mode         - Downstream rate adaptation mode for DSL port
us-rate-adapt-mode         - Upstream rate adaptation mode for DSL port
ds-downshift-adapt-margin  - Downstream downshift rate adaptation margin (dB, 
                             in .1 dB increments)
ds-upshift-adapt-margin    - Downstream upshift rate adaptation margin (dB, in 
                             .1 dB increments)
us-downshift-adapt-margin  - Upstream downshift rate adaption margin (dB, in .1 
                             dB increments)
us-upshift-adapt-margin    - Upstream upshift rate adaption margin (dB, in .1 
                             dB increments)
ds-downshift-adapt-time    - Downstream downshift rate adaptation time (sec)
ds-upshift-adapt-time      - Downstream upshift rate adaptation time (sec)
us-downshift-adapt-time    - Upstream downshift rate adaptation time (sec)
us-upshift-adapt-time      - Upstream upshift rate adaptation time (sec)
ds-enhanced-inp            - Downstream enhanced impulse noise protection mode
us-enhanced-inp            - Upstream enhanced impulse noise protection mode
ds-ginp-minetr             - Downstream minimum effective throughput (Kb/s, or 
                             use "m" suffix for Mb/s)
us-ginp-minetr             - Upstream minimum effective throughput (Kb/s, or 
                             use "m" suffix for Mb/s)
ds-ginp-maxndr             - Downstream maximum net data rate (Kb/s, or use "m" 
                             suffix for Mb/s)
us-ginp-maxndr             - Upstream maximum net data rate (Kb/s, or use "m" 
                             suffix for Mb/s)
ds-ginp-delaymax           - Downstream maximum allowed delay for 
                             retransmission. (ms, in 1 ms increments)
us-ginp-delaymax           - Upstream maximum allowed delay for retransmission. 
                             (ms, in 1 ms increments)
ds-ginp-inpmin-shine       - Downstream minimum impulse noise protection 
                             against SHINE (symbols)
us-ginp-inpmin-shine       - Upstream minimum impulse noise protection against 
                             SHINE (symbols)
ds-ginp-shineratio         - Downstream SHINE Ratio (NDR, in .001 increments)
us-ginp-shineratio         - Upstream SHINE Ratio (NDR, in .001 increments)
ds-ginp-inpmin-rein        - Downstream minimum impulse noise protection 
                             against REIN (symbols)
us-ginp-inpmin-rein        - Upstream minimum impulse noise protection against 
                             REIN (symbols)
ds-ginp-iat-rein           - Downstream REIN inter-arrival time (Hz)
us-ginp-iat-rein           - Upstream REIN inter-arrival time (Hz)
atm-header-compress        - ATM header compression

N6>set dsl-port 1/1/v1 advanced basic 
% Invalid or incomplete command
N6>set dsl-port 1/1/v1 advanced basic
N6>set dsl-port 1/1/v1 advanced basic
% Invalid or incomplete command
N6>set dsl-port 1/1/v1 basic 
N6>set dsl-port 1/1/v1 basic                           set dsl-port 1/1/v1 basic
N6>set dsl-port 1/1/v1 basic 
success: Modify DSL port "1/1/v1".
N6>set dsl-port 1/1/v1 basic 
<cr>
dsl-bond-interface         - Name of DSL bonded interface
service-type               - Service type for DSL port
path-latency               - Path latency for DSL port
fallback-vpi               - Fallback VPI for DSL port
fallback-vci               - Fallback VCI for DSL port
vdsl-profile               - VDSL profile for DSL port
report-events              - Report events for DSL port
power-save                 - Disable DSL services on A/C power failure
power-save-timeout         - Timeout in minutes for power-save feature
description                - Description of DSL port
ds-min-rate                - Minimum downstream rate for DSL port (Kb/s, or use 
                             "m" suffix for Mb/s)
ds-max-rate                - Maximum downstream rate for DSL port (Kb/s, or use 
                             "m" suffix for Mb/s)
us-min-rate                - Minimum upstream rate for DSL port (Kb/s, or use 
                             "m" suffix for Mb/s)
us-max-rate                - Maximum upstream rate for DSL port (Kb/s, or use 
                             "m" suffix for Mb/s)
dsl-gos                    - Index of DSL GOS profile to use
eth-gos                    - Index of Ethernet GOS profile to use
ds-min-inp                 - Minimum downstream impulse noise protection
us-min-inp                 - Minimum upstream impulse noise protection
ds-intrlv-max-latency      - Downstream interleave maximum latency (msec)
us-intrlv-max-latency      - Upstream interleave maximum latency (msec)
ds-min-snr                 - Minimum downstream SNR margin (dB, in .1 dB 
                             increments)
ds-max-snr                 - Maximum downstream SNR margin (dB, in .1 dB 
                             increments)
ds-target-snr              - Target downstream SNR margin (dB, in .1 dB 
                             increments)
us-min-snr                 - Minimum upstream SNR margin (dB, in .1 dB 
                             increments)
us-max-snr                 - Maximum upstream SNR margin (dB, in .1 dB 
                             increments)
us-target-snr              - Target upstream SNR margin (dB, in .1 dB 
                             increments)
admin-state                - Admin state of port

N6>set dsl-port 1/1/v1 basic 
success: Modify DSL port "1/1/v1".
N6>dsl-bon
   ^
% Invalid input detected at '^' marker
N6>dsl-bon       set dsl-port 1/1/v1 basic  dsl-bond-interface 1/1/g1
N6>set dsl-port 1/1/v1 basic  dsl-bond-interface 1/1/g1
success: Modify DSL port "1/1/v1".
N6>major ALARM for DSL port "1/1/v1" at 2015/11/26 11:44:32.97:
    "Loss of signal"
    (affects service)
set dsl-port 1/1/v2 basic dsl-bond 1/1/g1
N6>set dsl-port 1/1/v2 basic dsl-bond 1/1/g1
success: Modify DSL port "1/1/v2".
N6>major ALARM for DSL port "1/1/v2" at 2015/11/26 11:45:05.82:
    "Loss of signal"
    (affects service)
show dsl-bond-in 1/1/g1
N6>show dsl-bond-in 1/1/g1
DSL Bonded Interface                 Status         
------------------------------------ ---------------
1/1/g1                               system disabled
N6>show dsl-bond-in 1/1/g1 detail
N6>show dsl-bond-in 1/1/g1 detail 
DSL bonded interface "1/1/g1"
Description              : 
Subscriber ID            : 
P-bit map                : DSCP to p-bit map "access"
Security profile         : system-default
IGMP immediate leave     : use-vlan-setting
IGMP operating version   : N/A
Downstream minimum rate  : 0
Upstream minimum rate    : 0
  Status                 : enabled, no alarms
    Bonding state        : lowerLayerDown
    Bonding scheme       : ptm
    Downstream rate      : 0
    Upstream rate        : 0
    Active facilities    : <none>
    Inactive facilities  : 1/1/v1 1/1/v2
    Operational status   : system disabled
    Additional info      : suppressed

Alarms:
	XDSL group LOS

Conditions:
	<none>
N6>
N6>
N6>show dsl-port 1/1/v1
N6>show dsl-port 1/1/v1
Port     Mode         Rate (Us/Ds)    SNR (Us/Ds) Status (Cur. Time/Retrains)     
-------- ------------ --------------- ----------- --------------------------------
1/1/v1   none         0/0             0.0/0.0     Init (0s/0)                     
N6>show dsl-port 1/1/v2
N6>show dsl-port 1/1/v2
Port     Mode         Rate (Us/Ds)    SNR (Us/Ds) Status (Cur. Time/Retrains)     
-------- ------------ --------------- ----------- --------------------------------
1/1/v2   none         0/0             0.0/0.0     Training (4s/0)                 
N6>Alarm CLEARED for DSL port "1/1/v1" at 2015/11/26 11:46:00.60:
    "Loss of signal"
Alarm CLEARED for DSL port "1/1/v2" at 2015/11/26 11:46:08.67:
    "Loss of signal"

N6>
N6>
N6>
N6>
N6>
N6>
N6>
N6>
N6>
N6>
N6>
N6>
N6>
N6>
N6>
N6>
N6>
N6>
N6>
N6>warning ALARM for card 1/1 at 2015/11/26 12:05:58.39:
    "Backup files exist"
Alarm CLEARED for card 1/1 at 2015/11/26 12:06:06.39:
    "Backup files exist"
warning ALARM for card 1/1 at 2015/11/26 12:06:07.39:
    "Backup files exist"
Alarm CLEARED for card 1/1 at 2015/11/26 12:06:17.39:
    "Backup files exist"
warning ALARM for card 1/1 at 2015/11/26 12:06:18.39:
    "Backup files exist"
Alarm CLEARED for card 1/1 at 2015/11/26 12:06:28.39:
    "Backup files exist"
warning ALARM for card 1/1 at 2015/11/26 12:06:29.39:
    "Backup files exist"

N6>Alarm CLEARED for card 1/1 at 2015/11/26 12:06:39.39:
    "Backup files exist"

N6>
N6>
N6>
N6>
N6>
N6>
N6>
N6>
N6>
N6>
N6>
N6>
N6>
N6>
N6>
N6>
N6>
N6>
N6>
N6>
N6>
N6>
N6>
N6>
N6>show dsl-port 1/1/v2
N6>show dsl-port 1/1/v2
Port     Mode         Rate (Us/Ds)    SNR (Us/Ds) Status (Cur. Time/Retrains)     
-------- ------------ --------------- ----------- --------------------------------
1/1/v2   adsl2+       1.219M/26.509M  8.6/10.8    Showtime (46m21s/1)             
N6>show dsl-port 1/1/v1
N6>show dsl-port 1/1/v1
Port     Mode         Rate (Us/Ds)    SNR (Us/Ds) Status (Cur. Time/Retrains)     
-------- ------------ --------------- ----------- --------------------------------
1/1/v1   adsl2+       1.224M/26.262M  8.7/8.5     Showtime (46m33s/1)             
N6>show dsl-bond 1/1/g1
N6>show dsl-bond 1/1/g1
DSL Bonded Interface                 Status         
------------------------------------ ---------------
1/1/g1                               enabled        
N6>show dsl-bond 1/1/g1 de
N6>show dsl-bond 1/1/g1 detail 
DSL bonded interface "1/1/g1"
Description              : 
Subscriber ID            : 
P-bit map                : DSCP to p-bit map "access"
Security profile         : system-default
IGMP immediate leave     : use-vlan-setting
IGMP operating version   : N/A
Downstream minimum rate  : 0
Upstream minimum rate    : 0
  Status                 : enabled, no alarms
    Bonding state        : up
    Bonding scheme       : ptm
    Downstream rate      : 52.771M
    Upstream rate        : 2.443M
    Active facilities    : 1/1/v2 1/1/v1
    Inactive facilities  : <none>
    Operational status   : enabled
    Additional info      : 

Alarms:
	<none>

Conditions:
	<none>
N6>
N6>
N6>
N6>
N6>
N6>
N6>
N6>
N6>
N6>
N6>
N6>
N6>
N6>
N6>
N6>
N6>
N6>
N6>
N6>
N6>
N6>
N6>
N6>
N6>
N6>
N6>
N6>
N6>
N6>
N6>
N6>
N6>
N6>
N6>
N6>
N6>
N6>
N6>
N6>
N6>
N6>
N6>
N6>
N6>
N6>
N6>warning ALARM for system at 2015/11/26 13:18:54.49:
    "Software Upgrade in progress -- Version=2.4.50.3 (No auto-reset)"
EVENT for card 1/1 at 2015/11/26 13:18:55.99:
    "Upgrade: Failed File Xfer --  Reason: Software package does not have files for this card"
EVENT for system at 2015/11/26 13:18:57.49:
    "Upgrade: Had Errors -- Version=2.4.50.3"
Alarm CLEARED for system at 2015/11/26 13:18:57.49:
    "Software Upgrade in progress"

N6>
N6>
N6>
N6>
N6>
N6>
N6>
N6>
N6>
N6>
N6>
N6>
N6>warning ALARM for system at 2015/11/26 13:32:43.49:
    "Software Upgrade in progress -- Version=2.4.50.3 (No auto-reset)"
EVENT for card 1/1 at 2015/11/26 13:32:44.99:
    "Upgrade: Failed File Xfer --  Reason: Software package does not have files for this card"
EVENT for system at 2015/11/26 13:32:46.49:
    "Upgrade: Had Errors -- Version=2.4.50.3"
Alarm CLEARED for system at 2015/11/26 13:32:46.49:
    "Software Upgrade in progress"

N6>
N6>warning ALARM for system at 2015/11/26 13:34:02.99:
    "Software Upgrade in progress -- Version=2.4.50.3 (No auto-reset)"
EVENT for card 1/1 at 2015/11/26 13:34:04.49:
    "Upgrade: Failed File Xfer --  Reason: Software package does not have files for this card"
EVENT for system at 2015/11/26 13:34:05.99:
    "Upgrade: Had Errors -- Version=2.4.50.3"
Alarm CLEARED for system at 2015/11/26 13:34:05.99:
    "Software Upgrade in progress"

N6>warning ALARM for system at 2015/11/26 13:35:03.99:
    "Software Upgrade in progress -- Version=2.4.50.3 (No auto-reset)"
EVENT for card 1/1 at 2015/11/26 13:35:05.50:
    "Upgrade: Failed File Xfer --  Reason: Software package does not have files for this card"
EVENT for system at 2015/11/26 13:35:06.99:
    "Upgrade: Had Errors -- Version=2.4.50.3"
Alarm CLEARED for system at 2015/11/26 13:35:06.99:
    "Software Upgrade in progress"
warning ALARM for system at 2015/11/26 13:35:28.49:
    "Software Upgrade in progress -- Version=2.4.50.3 (No auto-reset)"
EVENT for card 1/1 at 2015/11/26 13:35:29.99:
    "Upgrade: Failed File Xfer --  Reason: Software package does not have files for this card"
EVENT for system at 2015/11/26 13:35:31.49:
    "Upgrade: Had Errors -- Version=2.4.50.3"
Alarm CLEARED for system at 2015/11/26 13:35:31.49:
    "Software Upgrade in progress"

N6>warning ALARM for system at 2015/11/26 13:36:04.49:
    "Software Upgrade in progress -- Version=2.4.50.3 (No auto-reset)"
EVENT for card 1/1 at 2015/11/26 13:36:05.99:
    "Upgrade: Failed File Xfer --  Reason: Software package does not have files for this card"
EVENT for system at 2015/11/26 13:36:07.49:
    "Upgrade: Had Errors -- Version=2.4.50.3"
Alarm CLEARED for system at 2015/11/26 13:36:07.49:
    "Software Upgrade in progress"
warning ALARM for system at 2015/11/26 13:36:12.99:
    "Software Upgrade in progress -- Version=2.4.50.3 (No auto-reset)"
EVENT for card 1/1 at 2015/11/26 13:36:14.49:
    "Upgrade: Failed File Xfer --  Reason: Software package does not have files for this card"
EVENT for system at 2015/11/26 13:36:15.99:
    "Upgrade: Had Errors -- Version=2.4.50.3"
Alarm CLEARED for system at 2015/11/26 13:36:15.99:
    "Software Upgrade in progress"
warning ALARM for system at 2015/11/26 13:36:27.49:
    "Software Upgrade in progress -- Version=2.4.50.3 (No auto-reset)"
EVENT for card 1/1 at 2015/11/26 13:36:28.99:
    "Upgrade: Failed File Xfer --  Reason: Software package does not have files for this card"
EVENT for system at 2015/11/26 13:36:30.49:
    "Upgrade: Had Errors -- Version=2.4.50.3"
Alarm CLEARED for system at 2015/11/26 13:36:30.49:
    "Software Upgrade in progress"

N6>
N6>
N6>
N6>
N6>
N6>
N6>
N6>
N6>
N6>
N6>
N6>
N6>
N6>
N6>
N6>
N6>
N6>
N6>
N6>
N6>
N6>
N6>
N6>
N6>
N6>
N6>
N6>
N6>
N6>
N6>
N6>
N6>
N6>
N6>
N6>
N6>
N6>
N6>
N6>
N6>
N6>
N6>
N6>
N6>
N6>
N6>
N6>
N6>
N6>
N6>
N6>
N6>
N6>
N6>
N6>
N6>
N6>
N6>
N6>
N6>
N6>
N6>
N6>
N6>
N6>
N6>
N6>
N6>
N6>
N6>
N6>
N6>
N6>
N6>
N6>
N6>
N6>
N6>
N6>
N6>
N6>
N6>
N6>
N6>
N6>
N6>
N6>
N6>
N6>
N6>
N6>
N6>
N6>
N6>
N6>
N6>
N6>
N6>
N6>
N6>
N6>
N6>
N6>
N6>
N6>
N6>
N6>
N6>
N6>
N6>
N6>
N6>
N6>
N6>
N6>
N6>
N6>
N6>
N6>
N6>
N6>
N6>
N6>
N6>
N6>
N6>
N6>
N6>
N6>
N6>
N6>
N6>
N6>
N6>warning ALARM for system at 2015/11/26 15:51:35.99:
    "Software Upgrade in progress -- Version=2.4.50.3 (No auto-reset)"
EVENT for card 1/1 at 2015/11/26 15:51:37.49:
    "Upgrade: Failed File Xfer --  Reason: Software package does not have files for this card"
EVENT for system at 2015/11/26 15:51:38.99:
    "Upgrade: Had Errors -- Version=2.4.50.3"
Alarm CLEARED for system at 2015/11/26 15:51:38.99:
    "Software Upgrade in progress"

N6>
N6>
N6>
N6>
N6>
N6>
N6>
N6>
N6>
N6>
N6>
N6>
N6>
N6>
N6>
N6>
N6>
N6>
N6>
N6>
N6>
N6>
N6>
N6>
N6>
N6>
N6>
N6>
N6>
N6>
N6>
N6>
N6>warning ALARM for system at 2015/11/26 16:24:50.49:
    "Software Upgrade in progress -- Version=2.4.50.3 (No auto-reset)"
EVENT for card 1/1 at 2015/11/26 16:24:51.99:
    "Upgrade: Failed File Xfer --  Reason: Software package does not have files for this card"
EVENT for system at 2015/11/26 16:24:53.49:
    "Upgrade: Had Errors -- Version=2.4.50.3"
Alarm CLEARED for system at 2015/11/26 16:24:53.49:
    "Software Upgrade in progress"

N6>
N6>
N6>
N6>warning ALARM for system at 2015/11/26 16:28:43.99:
    "Software Upgrade in progress -- Version=2.4.50.3 (No auto-reset)"
EVENT for card 1/1 at 2015/11/26 16:28:45.49:
    "Upgrade: Failed File Xfer --  Reason: Software package does not have files for this card"
EVENT for system at 2015/11/26 16:28:46.99:
    "Upgrade: Had Errors -- Version=2.4.50.3"
Alarm CLEARED for system at 2015/11/26 16:28:46.99:
    "Software Upgrade in progress"

N6>
N6>
N6>
N6>
N6>
N6>
N6>
N6>
N6>
N6>warning ALARM for system at 2015/11/26 16:38:27.49:
    "Software Upgrade in progress -- Version=2.4.50.3 (No auto-reset)"
EVENT for card 1/1 at 2015/11/26 16:38:28.99:
    "Upgrade: Failed File Xfer --  Reason: Software package does not have files for this card"
EVENT for system at 2015/11/26 16:38:30.49:
    "Upgrade: Had Errors -- Version=2.4.50.3"
Alarm CLEARED for system at 2015/11/26 16:38:30.49:
    "Software Upgrade in progress"

N6>
N6>
N6>
N6>
N6>warning ALARM for system at 2015/11/26 16:43:31.99:
    "Software Upgrade in progress -- Version=2.4.50.3 (No auto-reset)"
EVENT for card 1/1 at 2015/11/26 16:43:33.49:
    "Upgrade: Failed File Xfer --  Reason: Software package does not have files for this card"
EVENT for system at 2015/11/26 16:43:34.99:
    "Upgrade: Had Errors -- Version=2.4.50.3"
Alarm CLEARED for system at 2015/11/26 16:43:34.99:
    "Software Upgrade in progress"

N6>
N6>
N6>warning ALARM for system at 2015/11/26 16:46:47.99:
    "Software Upgrade in progress -- Version=2.4.50.3 (No auto-reset)"
EVENT for card 1/1 at 2015/11/26 16:46:49.49:
    "Upgrade: Failed File Xfer --  Reason: Software package does not have files for this card"
EVENT for system at 2015/11/26 16:46:50.99:
    "Upgrade: Had Errors -- Version=2.4.50.3"
Alarm CLEARED for system at 2015/11/26 16:46:50.99:
    "Software Upgrade in progress"

N6>
N6>warning ALARM for system at 2015/11/26 16:48:35.49:
    "Software Upgrade in progress -- Version=2.4.50.3 (No auto-reset)"
EVENT for card 1/1 at 2015/11/26 16:48:36.99:
    "Upgrade: Failed File Xfer --  Reason: Software package does not have files for this card"
EVENT for system at 2015/11/26 16:48:38.49:
    "Upgrade: Had Errors -- Version=2.4.50.3"
Alarm CLEARED for system at 2015/11/26 16:48:38.49:
    "Software Upgrade in progress"

N6>
N6>
N6>
N6>
N6>
N6>
N6>
N6>
N6>
N6>
N6>
N6>
N6>
N6>
N6>
N6>
N6>
N6>
N6>
N6>
N6>
N6>
N6>
N6>
N6>
N6>
N6>
N6>
N6>
N6>
N6>
N6>
N6>
N6>
N6>
N6>
N6>
N6>
N6>
N6>
N6>
N6>
N6>
N6>
N6>
N6>
N6>
N6>
N6>
N6>
N6>
N6>
N6>
N6>
N6>
N6>
N6>
N6>
N6>
N6>
N6>
N6>
N6>warning ALARM for system at 2015/11/26 17:51:31.99:
    "Software Upgrade in progress -- Version=2.4.50.3 (No auto-reset)"
EVENT for card 1/1 at 2015/11/26 17:51:33.49:
    "Upgrade: Failed File Xfer --  Reason: Software package does not have files for this card"
EVENT for system at 2015/11/26 17:51:34.99:
    "Upgrade: Had Errors -- Version=2.4.50.3"
Alarm CLEARED for system at 2015/11/26 17:51:34.99:
    "Software Upgrade in progress"

N6>warning ALARM for system at 2015/11/26 17:53:05.99:
    "Software Upgrade in progress -- Version=2.4.50.3 (No auto-reset)"
EVENT for card 1/1 at 2015/11/26 17:53:07.49:
    "Upgrade: Failed File Xfer --  Reason: Software package does not have files for this card"

N6>EVENT for system at 2015/11/26 17:53:08.99:
    "Upgrade: Had Errors -- Version=2.4.50.3"
Alarm CLEARED for system at 2015/11/26 17:53:08.99:
    "Software Upgrade in progress"

N6>
N6>
N6>warning ALARM for system at 2015/11/26 17:56:22.99:
    "Software Upgrade in progress -- Version=2.4.50.3 (No auto-reset)"
EVENT for card 1/1 at 2015/11/26 17:56:24.49:
    "Upgrade: Failed File Xfer --  Reason: Software package does not have files for this card"
EVENT for system at 2015/11/26 17:56:25.99:
    "Upgrade: Had Errors -- Version=2.4.50.3"
Alarm CLEARED for system at 2015/11/26 17:56:25.99:
    "Software Upgrade in progress"

N6>
N6>
N6>
N6>
N6>
N6>
N6>
N6>
N6>
N6>
N6>
N6>
N6>
N6>
N6>
N6>
N6>
N6>
N6>
N6>
N6>
N6>
N6>
N6>
N6>
N6>
N6>
N6>
N6>
N6>
N6>
N6>
N6>
N6>
N6>
N6>
N6>
N6>