show card 1/1 detail
Information for card 1/1:
Provisioned type        : VDSL2-48Cr2
Actual type             : VDSL2-48Cr2
Part number             : 100-03882
CLEI                    : CALIXCALIX
Serial number           : 211503600306
Application version     : 2.4.45.14
Database created        : 2015/10/12 18:20:54
Database last updated   : 2015/11/20 09:46:43
Controller candidate    : enabled
MAC address start       : 00:02:fd:e1:ba:1c
MAC address end         : 00:02:fd:e1:ba:57
Temperature level       : cool
Admin status            : enabled
Operational status      : enabled
Additional status info  : child provisioned, default provisioned, standby
Critical alarms         : 0
Major alarms            : 0
Minor alarms            : 0
Warning conditions      : 0
Info conditions         : 0

Alarms:
	<none>

Conditions:
	<none>
N6>show card 1/2 detail
Information for card 1/2:
Provisioned type        : VDSL2-48c
Actual type             : VDSL2-48c
Part number             : 100-01908
CLEI                    : BVL3A5FFTA
Serial number           : 211412601514
Application version     : 2.4.45.14
Database created        : 2015/10/12 18:20:54
Database last updated   : 2015/11/20 09:46:43
Controller candidate    : enabled
MAC address start       : 00:02:5d:dc:72:dc
MAC address end         : 00:02:5d:dc:73:17
Temperature level       : fine
Admin status            : enabled
Operational status      : enabled
Additional status info  : child provisioned, default provisioned, active
Critical alarms         : 0
Major alarms            : 0
Minor alarms            : 0
Warning conditions      : 0
Info conditions         : 0

Alarms:
	<none>

Conditions:
	<none>
N6>show alarm
No alarms found.
N6>enable eth-port 1/1/x3
success: Enable Ethernet port "1/1/x3".
N6>enable eth-port 1/2/x3
success: Enable Ethernet port "1/2/x3".
N6>show interface as10 member

Ethernet Port                    Status          LACP Status
-------------------------------- --------------- -------------
1/1/x3                           enabled         up in bundle
1/1/x4                           enabled         up in bundle
1/2/x3                           enabled         up in bundle

3 members found.
N6>show interface as10 member

Ethernet Port                    Status          LACP Status
-------------------------------- --------------- -------------
1/1/x3                           enabled         up in bundle
1/1/x4                           enabled         up in bundle
1/2/x3                           enabled         up in bundle

3 members found.
N6>
N6>reboot card 1/1
card 1/1 will immediately reboot and continue with the last committed software version.
This will interrupt service. Continue? (yes/no): yes
N6>EVENT for card 1/1 at 2015/11/20 09:51:37.36:
    "Reboot: In Progress -- Version=2.4.45.14"
critical ALARM for card 1/1 at 2015/11/20 09:51:47.77:
    "Unequipped"
    (affects service)
EVENT for card 1/1 at 2015/11/20 09:51:47.81:
    "Card Event: Departure"
minor ALARM for system at 2015/11/20 09:51:47.82:
    "No standby controller"
    (related object: card 1/1)

N6>"N6" Fri Nov 20 09:52:55 2015

Username: e7support
Password: 
N6>set ses time dis page dis
success: session updated.
N6>"N6" Fri Nov 20 09:52:58 2015

Username: e7support
Password: 
N6>set ses time dis page dis
success: session updated.
N6>"N6" Fri Nov 20 09:53:00 2015

Username: e7support
Password: 
N6>set ses time dis page dis
success: session updated.
N6>"N6" Fri Nov 20 09:53:03 2015

Username: e7support
Password: 
N6>set ses time dis page dis
success: session updated.
N6>"N6" Fri Nov 20 09:53:05 2015

Username: e7support
Password: 
N6>set ses time dis page dis
success: session updated.
N6>"N6" Fri Nov 20 09:53:08 2015

Username: e7support
Password: 
N6>set ses time dis page dis
success: session updated.
N6>"N6" Fri Nov 20 09:53:10 2015

Username: e7support
Password: 
N6>set ses time dis page dis
success: session updated.
N6>"N6" Fri Nov 20 09:53:13 2015

Username: e7support
Password: 
N6>set ses time dis page dis
success: session updated.
N6>"N6" Fri Nov 20 09:53:15 2015

Username: e7support
Password: 
N6>set ses time dis page dis
success: session updated.
N6>"N6" Fri Nov 20 09:53:18 2015

Username: e7support
Password: 
N6>set ses time dis page dis
success: session updated.
N6>"N6" Fri Nov 20 09:53:20 2015

Username: e7support
Password: 
N6>set ses time dis page dis
success: session updated.
N6>"N6" Fri Nov 20 09:53:22 2015

Username: e7support
Password: 
N6>set ses time dis page dis
success: session updated.
N6>"N6" Fri Nov 20 09:53:25 2015

Username: e7support
Password: 
N6>set ses time dis page dis
success: session updated.
N6>"N6" Fri Nov 20 09:53:27 2015

Username: show card 1/1 detail
               ^
% Invalid input detected at '^' marker
"N6" Fri Nov 20 09:53:27 2015

Username: 
Username: e7support
Password: 
N6>set ses time dis page dis
success: session updated.
N6>"N6" Fri Nov 20 09:53:30 2015

Username: e7support
Password: 
N6>set ses time dis page dis
success: session updated.
N6>"N6" Fri Nov 20 09:53:32 2015

Username: e7support
Password: 
N6>set ses time dis page dis
success: session updated.
N6>"N6" Fri Nov 20 09:53:35 2015

Username: e7support
Password: 
N6>set ses time dis page dis
success: session updated.
N6>"N6" Fri Nov 20 09:53:37 2015

Username: e7support
Password: 
N6>set ses time dis page dis
success: session updated.
N6>"N6" Fri Nov 20 09:53:40 2015

Username: e7support
Password: 
N6>set ses time dis page dis
success: session updated.
N6>"N6" Fri Nov 20 09:53:42 2015

Username: e7support
Password: 
N6>set ses time dis page dis
success: session updated.
N6>"N6" Fri Nov 20 09:53:45 2015

Username: e7support
Password: 
N6>set ses time dis page dis
success: session updated.
N6>"N6" Fri Nov 20 09:53:47 2015

Username: e7support
Password: 
N6>set ses time dis page dis
success: session updated.
N6>"N6" Fri Nov 20 09:53:50 2015

Username: e7support
Password: 
N6>set ses time dis page dis
success: session updated.
N6>"N6" Fri Nov 20 09:53:52 2015

Username: e7support
Password: 
N6>set ses time dis page dis
success: session updated.
N6>"N6" Fri Nov 20 09:53:55 2015

Username: e7support
Password: 
N6>set ses time dis page dis
success: session updated.
N6>"N6" Fri Nov 20 09:53:57 2015

Username: 
Username: e7support
Password: 
N6>set ses time dis page dis
success: session updated.
N6>"N6" Fri Nov 20 09:53:59 2015

Username: e7support
Password: 
N6>set ses time dis page dis
success: session updated.
N6>"N6" Fri Nov 20 09:54:02 2015

Username: e7support
Password: 
N6>set ses time dis page dis
success: session updated.
N6>"N6" Fri Nov 20 09:54:05 2015

Username: e7support
Password: 
N6>set ses time dis page dis
success: session updated.
N6>Alarm CLEARED for card 1/1 at 2015/11/20 09:54:06."N6" Fri Nov 20 09:54:07 2015

Username: e7support
Password: 
N6>set ses time dis page dis
success: session updated.
N6>"N6" Fri Nov 20 09:54:09 2015

Username: e7support
Password: 
N6>set ses time dis page dis
success: session updated.
N6>"N6" Fri Nov 20 09:54:12 2015

Username: e7support
Password: 
N6>set ses time dis page dis
success: session updated.
N6>"N6" Fri Nov 20 09:54:14 2015

Username: e7support
Password: 
N6>set ses time dis page dis
success: session updated.
N6>"N6" Fri Nov 20 09:54:17 2015

Username: e7support
Password: 
N6>set ses time dis page dis
success: session updated.
N6>"N6" Fri Nov 20 09:54:19 2015

Username: e7support
Password: 
N6>set ses time dis page dis
success: session updated.
N6>"N6" Fri Nov 20 09:54:22 2015

Username: e7support
Password: 
N6>set ses time dis page dis
success: session updated.
N6>"N6" Fri Nov 20 09:54:24 2015

Username: e7support
Password: 
N6>set ses time dis page dis
success: session updated.
N6>"N6" Fri Nov 20 09:54:26 2015

Username: 
Username: show card 1/1 detail
               ^
% Invalid input detected at '^' marker
Username: e7support
Password: 
N6>set ses time dis page dis
success: session updated.
N6>"N6" Fri Nov 20 09:54:29 2015

Username: e7support
Password: 
N6>set ses time dis page dis
success: session updated.
N6>"N6" Fri Nov 20 09:54:32 2015

Username: e7support
Password: 
N6>set ses time dis page dis
success: session updated.
N6>"N6" Fri Nov 20 09:54:35 2015

Username: e7support
Password: 
N6>set ses time dis page dis
success: session updated.
N6>"N6" Fri Nov 20 09:54:37 2015

Username: e7support
Password: 
N6>set ses time dis page dis
success: session updated.
N6>"N6" Fri Nov 20 09:54:39 2015

Username: e7support
Password: 
N6>set ses time dis page dis
success: session updated.
N6>"N6" Fri Nov 20 09:54:42 2015

Username: e7support
Password: 
N6>set ses time dis page dis
success: session updated.
N6>"N6" Fri Nov 20 09:54:44 2015

Username: e7support
Password: 
N6>set ses time dis page dis
success: session updated.
N6>"N6" Fri Nov 20 09:54:47 2015

Username: e7support
Password: 
N6>set ses time dis page dis
success: session updated.
N6>"N6" Fri Nov 20 09:54:48 2015

Username: 
Username: e7support
Password: 
N6>set ses time dis page dis
success: session updated.
N6>Alarm CLEARED for system at 2015/11/20 09:54:56.91:
    "No standby controller"
    (related object: card 1/1)
show card 1/1 detail
Information for card 1/1:
Provisioned type        : VDSL2-48Cr2
Actual type             : VDSL2-48Cr2
Part number             : 100-03882
CLEI                    : CALIXCALIX
Serial number           : 211503600306
Application version     : 2.4.45.14
Database created        : 2015/10/12 18:20:54
Database last updated   : 2015/11/20 09:51:20
Controller candidate    : enabled
MAC address start       : 00:02:fd:e1:ba:1c
MAC address end         : 00:02:fd:e1:ba:57
Temperature level       : cool
Admin status            : enabled
Operational status      : enabled
Additional status info  : child provisioned, default provisioned, standby
Critical alarms         : 0
Major alarms            : 0
Minor alarms            : 0
Warning conditions      : 1
Info conditions         : 0

Alarms:
	<none>

Conditions:
	Software initialization in progress
N6>Alarm CLEARED for card 1/1 at 2015/11/20 09:55:12.19:
    "Software initialization in progress"
EVENT for card 1/1 at 2015/11/20 09:55:12.40:
    "Reboot: Success -- Version=2.4.45.14"

N6>show card 1/1 detail
Information for card 1/1:
Provisioned type        : VDSL2-48Cr2
Actual type             : VDSL2-48Cr2
Part number             : 100-03882
CLEI                    : CALIXCALIX
Serial number           : 211503600306
Application version     : 2.4.45.14
Database created        : 2015/10/12 18:20:54
Database last updated   : 2015/11/20 09:51:20
Controller candidate    : enabled
MAC address start       : 00:02:fd:e1:ba:1c
MAC address end         : 00:02:fd:e1:ba:57
Temperature level       : cool
Admin status            : enabled
Operational status      : enabled
Additional status info  : child provisioned, default provisioned, standby
Critical alarms         : 0
Major alarms            : 0
Minor alarms            : 0
Warning conditions      : 0
Info conditions         : 0

Alarms:
	<none>

Conditions:
	<none>
N6>show alarm
No alarms found.
N6>