show card 1/1 detail
               ^
% Invalid input detected at '^' marker
"N6" Fri Nov 20 13:49:43 2015

Username: 
Username: e7support
Password: 
N6>set ses time dis page dis
success: session updated.
N6>"N6" Fri Nov 20 13:49:44 2015

Username: 
Username: e7support
Password: 
N6>set ses time dis page dis
success: session updated.
N6>"N6" Fri Nov 20 13:49:46 2015

Username: 
Username: e7support
Password: 
N6>set ses time dis page dis
success: session updated.
N6>"N6" Fri Nov 20 13:49:49 2015

Username: 
Username: e7support
Password: 
N6>set ses time dis page dis
success: session updated.
N6>"N6" Fri Nov 20 13:49:51 2015

Username: 
Username: e7support
Password: 
N6>set ses time dis page dis
success: session updated.
N6>"N6" Fri Nov 20 13:49:54 2015

Username: 
Username: e7support
Password: 
N6>set ses time dis page dis
success: session updated.
N6>"N6" Fri Nov 20 13:49:56 2015

Username: 
Username: e7support
Password: 
N6>set ses time dis page dis
success: session updated.
N6>"N6" Fri Nov 20 13:50:00 2015

Username: e7support
Password: 
N6>set ses time dis page dis
success: session updated.
N6>"N6" Fri Nov 20 13:50:02 2015

Username: e7support
Password: 
N6>set ses time dis page dis
success: session updated.
N6>"N6" Fri Nov 20 13:50:05 2015

Username: e7support
Password: 
N6>set ses time dis page dis
success: session updated.
N6>"N6" Fri Nov 20 13:50:07 2015

Username: e7support
Password: 
N6>set ses time dis page dis
success: session updated.
N6>"N6" Fri Nov 20 13:50:10 2015

Username: e7support
Password: 
N6>set ses time dis page dis
success: session updated.
N6>"N6" Fri Nov 20 13:50:12 2015

Username: e7support
Password: 
               ^
% Invalid input detected at '^' marker
Password: 
N6>set ses time dis page dis
success: session updated.
N6>"N6" Fri Nov 20 13:50:15 2015

Username: e7support
Password: 
N6>set ses time dis page dis
success: session updated.
N6>"N6" Fri Nov 20 13:50:17 2015

Username: e7support
Password: 
N6>set ses time dis page dis
success: session updated.
N6>"N6" Fri Nov 20 13:50:20 2015

Username: e7support
Password: 
N6>set ses time dis page dis
success: session updated.
N6>"N6" Fri Nov 20 13:50:22 2015

Username: e7support
Password: 
N6>set ses time dis page dis
success: session updated.
N6>"N6" Fri Nov 20 13:50:25 2015

Username: e7support
Password: 
N6>set ses time dis page dis
success: session updated.
N6>"N6" Fri Nov 20 13:50:27 2015

Username: e7support
Password: 
N6>set ses time dis page dis
success: session updated.
N6>"N6" Fri Nov 20 13:50:30 2015

Username: e7support
Password: 
N6>set ses time dis page dis
success: session updated.
N6>"N6" Fri Nov 20 13:50:32 2015

Username: e7support
Password: 
N6>set ses time dis page dis
success: session updated.
N6>"N6" Fri Nov 20 13:50:34 2015

Username: e7support
Password: 
N6>set ses time dis page dis
success: session updated.
N6>"N6" Fri Nov 20 13:50:37 2015

Username: e7support
Password: 
N6>set ses time dis page dis
success: session updated.
N6>"N6" Fri Nov 20 13:50:39 2015

Username: e7support
Password: 
N6>set ses time dis page dis
success: session updated.
N6>"N6" Fri Nov 20 13:50:42 2015

Username: e7support
Password: 
N6>set ses time dis page dis
success: session updated.
N6>show"N6" Fri Nov 20 13:50:44 2015

Username: e7support
Password: 
N6>set ses time dis page dis
success: session updated.
N6>"N6" Fri Nov 20 13:50:47 2015

Username: e7support
Password: 
N6>set ses time dis page dis
success: session updated.
N6>"N6" Fri Nov 20 13:50:49 2015

Username: e7support
Password: 
N6>set ses time dis page dis
success: session updated.
N6>"N6" Fri Nov 20 13:50:52 2015

Username: e7support
Password: 
N6>set ses time dis page dis
success: session updated.
N6>"N6" Fri Nov 20 13:50:54 2015

Username: e7support
Password: 
N6>set ses time dis page dis
success: session updated.
N6>"N6" Fri Nov 20 13:50:56 2015

Username: e7support
Password: 
N6>set ses time dis page dis
success: session updated.
N6>"N6" Fri Nov 20 13:50:59 2015

Username: e7support
Password: 
N6>set ses time dis page dis
success: session updated.
N6>"N6" Fri Nov 20 13:51:01 2015

Username: e7support
Password: 
N6>set ses time dis page dis
success: session updated.
N6>"N6" Fri Nov 20 13:51:04 2015

Username: e7support
Password: 
N6>set ses time dis page dis
success: session updated.
N6>"N6" Fri Nov 20 13:51:06 2015

Username: e7support
Password: 
N6>set ses time dis page dis
success: session updated.
N6>"N6" Fri Nov 20 13:51:09 2015

Username: 
Username: e7support
Password: 
N6>set ses time dis page dis
success: session updated.
N6>"N6" Fri Nov 20 13:51:11 2015

Username: e7support
Password: 
N6>set ses time dis page dis
success: session updated.
N6>"N6" Fri Nov 20 13:51:13 2015

Username: 
Username: e7support
Password: 
N6>set ses time dis page dis
success: session updated.
N6>"N6" Fri Nov 20 13:51:16 2015

Username: e7support
Password: 
N6>set ses time dis page dis
success: session updated.
N6>"N6" Fri Nov 20 13:51:19 2015

Username: e7support
Password: 
N6>set ses time dis page dis
success: session updated.
N6>"N6" Fri Nov 20 13:51:21 2015

Username: e7support
Password: 
N6>set ses time dis page dis
success: session updated.
N6>"N6" Fri Nov 20 13:51:24 2015

Username: e7support
Password: 
N6>set ses time dis page dis
success: session updated.
N6>"N6" Fri Nov 20 13:51:26 2015

Username: e7support
Password: 
N6>set ses time dis page dis
success: session updated.
N6>"N6" Fri Nov 20 13:51:29 2015

Username: e7support
Password: 
N6>set ses time dis page dis
success: session updated.
N6>"N6" Fri Nov 20 13:51:31 2015

Username: e7support
Password: 
N6>set ses time dis page dis
success: session updated.
N6>"N6" Fri Nov 20 13:51:34 2015

Username: e7support
Password: 
N6>set ses time dis page dis
success: session updated.
N6>"N6" Fri Nov 20 13:51:36 2015

Username: e7support
Password: 
N6>set ses time dis page dis
success: session updated.
N6>"N6" Fri Nov 20 13:51:39 2015

Username: e7support
Password: 
N6>set ses time dis page dis
success: session updated.
N6>"N6" Fri Nov 20 13:51:41 2015

Username: e7support
Password: 
N6>set ses time dis page dis
success: session updated.
N6>"N6" Fri Nov 20 13:51:43 2015

Username: 
Username: e7support
Password: 
N6>set ses time dis page dis
success: session updated.
N6>"N6" Fri Nov 20 13:51:46 2015

Username: e7support
Password: 
N6>set ses time dis page dis
success: session updated.
N6>"N6" Fri Nov 20 13:51:48 2015

Username: e7support
Password: 
N6>set ses time dis page dis
success: session updated.
N6>"N6" Fri Nov 20 13:51:51 2015

Username: e7support
Password: 
N6>set ses time dis page dis
success: session updated.
N6>"N6" Fri Nov 20 13:51:54 2015

Username: e7support
Password: 
N6>set ses time dis page dis
success: session updated.
N6>"N6" Fri Nov 20 13:51:56 2015

Username: e7support
Password: 
N6>set ses time dis page dis
success: session updated.
N6>"N6" Fri Nov 20 13:51:59 2015

Username: e7support
Password: 
N6>set ses time dis page dis
success: session updated.
N6>"N6" Fri Nov 20 13:52:01 2015

Username: e7support
Password: 
N6>set ses time dis page dis
success: session updated.
N6>"N6" Fri Nov 20 13:52:04 2015

Username: e7support
Password: 
N6>set ses time dis page dis
success: session updated.
N6>"N6" Fri Nov 20 13:52:06 2015

Username: e7support
Password: 
N6>set ses time dis page dis
success: session updated.
N6>"N6" Fri Nov 20 13:52:09 2015

Username: e7support
Password: 
Password: 
N6>set ses time dis page dis
success: session updated.
N6>"N6" Fri Nov 20 13:52:11 2015

Username: e7support
Password: 
N6>set ses time dis page dis
success: session updated.
N6>"N6" Fri Nov 20 13:52:13 2015

Username: 
Username: e7support
Password: 
N6>set ses time dis page dis
success: session updated.
N6>"N6" Fri Nov 20 13:52:16 2015

Username: e7support
Password: 
N6>set ses time dis page dis
success: session updated.
N6>"N6" Fri Nov 20 13:52:19 2015

Username: e7support
Password: 
N6>set ses time dis page dis
success: session updated.
N6>"N6" Fri Nov 20 13:52:21 2015

Username: e7support
Password: 
N6>set ses time dis page dis
success: session updated.
N6>"N6" Fri Nov 20 13:52:24 2015

Username: e7support
Password: 
N6>set ses time dis page dis
success: session updated.
N6>"N6" Fri Nov 20 13:52:26 2015

Username: e7support
Password: 
N6>set ses time dis page dis
success: session updated.
N6>"N6" Fri Nov 20 13:52:29 2015

Username: e7support
Password: 
N6>set ses time dis page dis
success: session updated.
N6>"N6" Fri Nov 20 13:52:31 2015

Username: e7support
Password: 
N6>set ses time dis page dis
success: session updated.
N6>"N6" Fri Nov 20 13:52:34 2015

Username: e7support
Password: 
N6>set ses time dis page dis
success: session updated.
N6>"N6" Fri Nov 20 13:52:36 2015

Username: e7support
Password: 
N6>set ses time dis page dis
success: session updated.
N6>"N6" Fri Nov 20 13:52:39 2015

Username: e7support
Password: 
N6>set ses time dis page dis
success: session updated.
N6>"N6" Fri Nov 20 13:52:41 2015

Username: e7support
Password: 
N6>set ses time dis page dis
success: session updated.
N6>"N6" Fri Nov 20 13:52:43 2015

Username: 
Username: e7support
Password: 
N6>set ses time dis page dis
success: session updated.
N6>"N6" Fri Nov 20 13:52:46 2015

Username: e7support
Password: 
N6>set ses time dis page dis
success: session updated.
N6>"N6" Fri Nov 20 13:52:49 2015

Username: e7support
Password: 
N6>set ses time dis page dis
success: session updated.
N6>"N6" Fri Nov 20 13:52:51 2015

Username: e7support
Password: 
N6>set ses time dis page dis
success: session updated.
N6>"N6" Fri Nov 20 13:52:54 2015

Username: e7support
Password: 
N6>set ses time dis page dis
success: session updated.
N6>"N6" Fri Nov 20 13:52:56 2015

Username: e7support
Password: 
N6>set ses time dis page dis
success: session updated.
N6>"N6" Fri Nov 20 13:52:59 2015

Username: e7support
Password: 
N6>set ses time dis page dis
success: session updated.
N6>"N6" Fri Nov 20 13:53:00 2015

Username: 
Username: e7support
Password: 
N6>set ses time dis page dis
success: session updated.
N6>"N6" Fri Nov 20 13:53:02 2015

Username: 
Username: e7support
Password: 
N6>set ses time dis page dis
success: session updated.
N6>"N6" Fri Nov 20 13:53:04 2015

Username: 
Username: e7support
Password: 
N6>set ses time dis page dis
success: session updated.
N6>"N6" Fri Nov 20 13:53:07 2015

Username: 
Username: e7support
Password: 
N6>set ses time dis page dis
success: session updated.
N6>
N6>"N6" Fri Nov 20 13:53:09 2015

Username: 
Username: e7support
Password: 
N6>set ses time dis page dis
success: session updated.
N6>"N6" Fri Nov 20 13:53:12 2015

Username: show card 1/1 detail
               ^
% Invalid input detected at '^' marker
"N6" Fri Nov 20 13:53:14 2015

Username: 
Username: e7support
Password: 
N6>set ses time dis page dis
success: session updated.
N6>"N6" Fri Nov 20 13:53:14 2015

Username: 
Username: e7support
Password: 
N6>set ses time dis page dis
success: session updated.
N6>"N6" Fri Nov 20 13:53:17 2015

Username: 
Username: e7support
Password: 
N6>set ses time dis page dis
success: session updated.
N6>"N6" Fri Nov 20 13:53:19 2015

Username: 
Username: e7support
Password: 
N6>set ses time dis page dis
success: session updated.
N6>show card 1/1 detail
Information for card 1/1:
Provisioned type        : VDSL2-48Cr2
Actual type             : VDSL2-48Cr2
Part number             : 100-03882
CLEI                    : CALIXCALIX
Serial number           : 211503600306
Application version     : 2.4.45.14
Database created        : 2015/10/12 18:20:54
Database last updated   : 2015/11/20 13:48:50
Controller candidate    : enabled
MAC address start       : 00:02:fd:e1:ba:1c
MAC address end         : 00:02:fd:e1:ba:57
Temperature level       : cool
Admin status            : enabled
Operational status      : enabled
Additional status info  : child provisioned, default provisioned, standby
Critical alarms         : 0
Major alarms            : 0
Minor alarms            : 0
Warning conditions      : 0
Info conditions         : 0

Alarms:
	<none>

Conditions:
	<none>
N6>show card 1/2 detail
Information for card 1/2:
Provisioned type        : VDSL2-48c
Actual type             : VDSL2-48c
Part number             : 100-01908
CLEI                    : BVL3A5FFTA
Serial number           : 211412601514
Application version     : 2.4.45.14
Database created        : 2015/10/12 18:20:54
Database last updated   : 2015/11/20 13:48:50
Controller candidate    : enabled
MAC address start       : 00:02:5d:dc:72:dc
MAC address end         : 00:02:5d:dc:73:17
Temperature level       : fine
Admin status            : enabled
Operational status      : enabled
Additional status info  : child provisioned, default provisioned, active
Critical alarms         : 0
Major alarms            : 0
Minor alarms            : 0
Warning conditions      : 0
Info conditions         : 0

Alarms:
	<none>

Conditions:
	<none>
N6>show alarm
No alarms found.
N6>enable eth-port 1/1/x3
success: Enable Ethernet port "1/1/x3".
N6>enable eth-port 1/2/x3
success: Enable Ethernet port "1/2/x3".
N6>show interface as10 member

Ethernet Port                    Status          LACP Status
-------------------------------- --------------- -------------
1/1/x3                           enabled         up in bundle
1/1/x4                           enabled         up in bundle
1/2/x3                           enabled         up in bundle

3 members found.
N6>show interface as10 member

Ethernet Port                    Status          LACP Status
-------------------------------- --------------- -------------
1/1/x3                           enabled         up in bundle
1/1/x4                           enabled         up in bundle
1/2/x3                           enabled         up in bundle

3 members found.
N6>reboot card 1/1
card 1/1 will immediately reboot and continue with the last committed software version.
This will interrupt service. Continue? (yes/no): yes
N6>EVENT for card 1/1 at 2015/11/20 13:54:03.38:
    "Reboot: In Progress -- Version=2.4.45.14"

N6>critical ALARM for card 1/1 at 2015/11/20 13:54:14.40:
    "Unequipped"
    (affects service)
EVENT for card 1/1 at 2015/11/20 13:54:14.43:
    "Card Event: Departure"
minor ALARM for system at 2015/11/20 13:54:14.45:
    "No standby controller"
    (related object: card 1/1)

N6>"N6" Fri Nov 20 13:55:21 2015

Username: e7support
Password: 
N6>set ses time dis page dis
success: session updated.
N6>"N6" Fri Nov 20 13:55:24 2015

Username: e7support
Password: 
N6>set ses time dis page dis
success: session updated.
N6>"N6" Fri Nov 20 13:55:26 2015

Username: e7support
Password: 
N6>set ses time dis page dis
success: session updated.
N6>"N6" Fri Nov 20 13:55:29 2015

Username: e7support
Password: 
N6>set ses time dis page dis
success: session updated.
N6>"N6" Fri Nov 20 13:55:31 2015

Username: e7support
Password: 
N6>set ses time dis page dis
success: session updated.
N6>"N6" Fri Nov 20 13:55:34 2015

Username: e7support
Password: 
N6>set ses time dis page dis
success: session updated.
N6>"N6" Fri Nov 20 13:55:36 2015

Username: e7support
Password: 
N6>set ses time dis page dis
success: session updated.
N6>"N6" Fri Nov 20 13:55:39 2015

Username: e7support
Password: 
N6>set ses time dis page dis
success: session updated.
N6>"N6" Fri Nov 20 13:55:41 2015

Username: e7support
Password: 
N6>set ses time dis page dis
success: session updated.
N6>"N6" Fri Nov 20 13:55:44 2015

Username: e7support
Password: 
N6>set ses time dis page dis
success: session updated.
N6>"N6" Fri Nov 20 13:55:46 2015

Username: e7support
Password: 
N6>set ses time dis page dis
success: session updated.
N6>"N6" Fri Nov 20 13:55:49 2015

Username: e7support
Password: 
N6>set ses time dis page dis
success: session updated.
N6>"N6" Fri Nov 20 13:55:51 2015

Username: e7support
Password: 
N6>set ses time dis page dis
success: session updated.
N6>"N6" Fri Nov 20 13:55:54 2015

Username: e7support
Password: 
N6>set ses time dis page dis
success: session updated.
N6>"N6" Fri Nov 20 13:55:56 2015

Username: e7support
Password: 
N6>set ses time dis page dis
success: session updated.
N6>"N6" Fri Nov 20 13:55:59 2015

Username: e7support
Password: 
N6>set ses time dis page dis
success: session updated.
N6>"N6" Fri Nov 20 13:56:01 2015

Username: e7support
Password: 
N6>set ses time dis page dis
success: session updated.
N6>"N6" Fri Nov 20 13:56:04 2015

Username: e7support
Password: 
N6>set ses time dis page dis
success: session updated.
N6>"N6" Fri Nov 20 13:56:06 2015

Username: e7support
Password: 
N6>set ses time dis page dis
success: session updated.
N6>"N6" Fri Nov 20 13:56:09 2015

Username: e7support
Password: 
N6>
N6>set ses time dis page dis
success: session updated.
N6>"N6" Fri Nov 20 13:56:11 2015

Username: e7support
Password: 
N6>set ses time dis page dis
success: session updated.
N6>"N6" Fri Nov 20 13:56:14 2015

Username: e7support
Password: 
N6>set ses time dis page dis
success: session updated.
N6>"N6" Fri Nov 20 13:56:16 2015

Username: e7support
Password: 
N6>set ses time dis page dis
success: session updated.
N6>"N6" Fri Nov 20 13:56:19 2015

Username: e7support
Password: 
N6>set ses time dis page dis
success: session updated.
N6>"N6" Fri Nov 20 13:56:21 2015

Username: e7support
Password: 
N6>set ses time dis page dis
success: session updated.
N6>"N6" Fri Nov 20 13:56:24 2015

Username: e7support
Password: 
N6>set ses time dis page dis
success: session updated.
N6>"N6" Fri Nov 20 13:56:26 2015

Username: e7support
Password: 
N6>set ses time dis page dis
success: session updated.
N6>"N6" Fri Nov 20 13:56:29 2015

Username: e7support
Password: 
N6>set ses time dis page dis
success: session updated.
N6>"N6" Fri Nov 20 13:56:31 2015

Username: e7support
Password: 
N6>set ses time dis page dis
success: session updated.
N6>"N6" Fri Nov 20 13:56:34 2015

Username: e7support
Password: 
N6>set ses time dis page dis
success: session updated.
N6>"N6" Fri Nov 20 13:56:36 2015

Username: e7support
Password: 
Alarm CLEARED for card 1/1 at 2015/11/20 13:56:37.05:
    "Unequipped"
EVENT for card 1/1 at 2015/11/20 13:56:37.08:
    "Card Event: Arrival"
critical ALARM for card 1/1 at 2015/11/20 13:56:37.08:
    "Not Operational"
    (affects service)
N6>warning ALARM for card 1/1 at 2015/11/20 13:56:37.09:
    "Software initialization in progress"
set ses time dis page dis
success: session updated.
N6>"N6" Fri Nov 20 13:56:39 2015

Username: e7support
Password: 
N6>set ses time dis page dis
success: session updated.
N6>"N6" Fri Nov 20 13:56:41 2015

Username: e7support
Password: 
N6>set ses time dis page dis
success: session updated.
N6>"N6" Fri Nov 20 13:56:44 2015

Username: e7support
Password: 
N6>set ses time dis page dis
success: session updated.
N6>"N6" Fri Nov 20 13:56:46 2015

Username: e7support
Password: 
N6>set ses time dis page dis
success: session updated.
N6>"N6" Fri Nov 20 13:56:49 2015

Username: e7support
Password: 
N6>set ses time dis page dis
success: session updated.
N6>"N6" Fri Nov 20 13:56:51 2015

Username: e7support
Password: 
N6>set ses time dis page dis
success: session updated.
N6>"N6" Fri Nov 20 13:56:54 2015

Username: e7support
Password: 
N6>set ses time dis page dis
success: session updated.
N6>"N6" Fri Nov 20 13:56:56 2015

Username: e7support
Password: 
N6>set ses time dis page dis
success: session updated.
N6>"N6" Fri Nov 20 13:56:59 2015

Username: e7support
Password: 
N6>set ses time dis page dis
success: session updated.
N6>"N6" Fri Nov 20 13:56:59 2015

Username: 
Username: e7support
Password: 
N6>set ses time dis page dis
success: session updated.
N6>"N6" Fri Nov 20 13:57:02 2015

Username: 
Username: e7support
Password: 
N6>set ses time dis page dis
success: session updated.
N6>"N6" Fri Nov 20 13:57:05 2015

Username: 
Username: e7support
Password: 
N6>set ses time dis page dis
success: session updated.
N6>"N6" Fri Nov 20 13:57:07 2015

Username: 
Username: e7support
Password: 
N6>set ses time dis page dis
success: session updated.
N6>
N6>show card 1/1 detail
Information for card 1/1:
Provisioned type        : VDSL2-48Cr2
Actual type             : VDSL2-48Cr2
Part number             : 100-03882
CLEI                    : CALIXCALIX
Serial number           : 211503600306
Application version     : 2.4.45.14
Database created        : 2015/10/12 18:20:54
Database last updated   : 2015/11/20 13:53:46
Controller candidate    : enabled
MAC address start       : 00:02:fd:e1:ba:1c
MAC address end         : 00:02:fd:e1:ba:57
Temperature level       : cool
Admin status            : enabled
Operational status      : system disabled
Additional status info  : child provisioned, default provisioned
Critical alarms         : 1
Major alarms            : 0
Minor alarms            : 0
Warning conditions      : 1
Info conditions         : 0

Alarms:
	Not Operational

Conditions:
	Software initialization in progress
N6>Alarm CLEARED for card 1/1 at 2015/11/20 13:57:26.55:
    "Not Operational"
Alarm CLEARED for system at 2015/11/20 13:57:41.98:
    "No standby controller"
    (related object: card 1/1)
show card 1/1 detail
Information for card 1/1:
Provisioned type        : VDSL2-48Cr2
Actual type             : VDSL2-48Cr2
Part number             : 100-03882
CLEI                    : CALIXCALIX
Serial number           : 211503600306
Application version     : 2.4.45.14
Database created        : 2015/10/12 18:20:54
Database last updated   : 2015/11/20 13:53:46
Controller candidate    : enabled
MAC address start       : 00:02:fd:e1:ba:1c
MAC address end         : 00:02:fd:e1:ba:57
Temperature level       : cool
Admin status            : enabled
Operational status      : enabled
Additional status info  : child provisioned, default provisioned, standby
Critical alarms         : 0
Major alarms            : 0
Minor alarms            : 0
Warning conditions      : 1
Info conditions         : 0

Alarms:
	<none>

Conditions:
	Software initialization in progress
N6>Alarm CLEARED for card 1/1 at 2015/11/20 13:57:59.63:
    "Software initialization in progress"
EVENT for card 1/1 at 2015/11/20 13:57:59.88:
    "Reboot: Success -- Version=2.4.45.14"

N6>show card 1/1 detail
Information for card 1/1:
Provisioned type        : VDSL2-48Cr2
Actual type             : VDSL2-48Cr2
Part number             : 100-03882
CLEI                    : CALIXCALIX
Serial number           : 211503600306
Application version     : 2.4.45.14
Database created        : 2015/10/12 18:20:54
Database last updated   : 2015/11/20 13:53:46
Controller candidate    : enabled
MAC address start       : 00:02:fd:e1:ba:1c
MAC address end         : 00:02:fd:e1:ba:57
Temperature level       : cool
Admin status            : enabled
Operational status      : enabled
Additional status info  : child provisioned, default provisioned, standby
Critical alarms         : 0
Major alarms            : 0
Minor alarms            : 0
Warning conditions      : 0
Info conditions         : 0

Alarms:
	<none>

Conditions:
	<none>
N6>show alarm
No alarms found.
N6>