show card 1/1 detail
Information for card 1/1:
Provisioned type        : VDSL2-48Cr2
Actual type             : VDSL2-48Cr2
Part number             : 100-03882
CLEI                    : CALIXCALIX
Serial number           : 211503600306
Application version     : 2.4.45.14
Database created        : 2015/10/12 18:20:54
Database last updated   : 2015/11/20 14:24:25
Controller candidate    : enabled
MAC address start       : 00:02:fd:e1:ba:1c
MAC address end         : 00:02:fd:e1:ba:57
Temperature level       : cool
Admin status            : enabled
Operational status      : enabled
Additional status info  : child provisioned, default provisioned, standby
Critical alarms         : 0
Major alarms            : 0
Minor alarms            : 0
Warning conditions      : 0
Info conditions         : 0

Alarms:
	<none>

Conditions:
	<none>
N6>show card 1/2 detail
Information for card 1/2:
Provisioned type        : VDSL2-48c
Actual type             : VDSL2-48c
Part number             : 100-01908
CLEI                    : BVL3A5FFTA
Serial number           : 211412601514
Application version     : 2.4.45.14
Database created        : 2015/10/12 18:20:54
Database last updated   : 2015/11/20 14:24:25
Controller candidate    : enabled
MAC address start       : 00:02:5d:dc:72:dc
MAC address end         : 00:02:5d:dc:73:17
Temperature level       : fine
Admin status            : enabled
Operational status      : enabled
Additional status info  : child provisioned, default provisioned, active
Critical alarms         : 0
Major alarms            : 0
Minor alarms            : 0
Warning conditions      : 0
Info conditions         : 0

Alarms:
	<none>

Conditions:
	<none>
N6>show alarm
No alarms found.
N6>enable eth-port 1/1/x3
success: Enable Ethernet port "1/1/x3".
N6>enable eth-port 1/2/x3
success: Enable Ethernet port "1/2/x3".
N6>show interface as10 member

Ethernet Port                    Status          LACP Status
-------------------------------- --------------- -------------
1/1/x3                           enabled         up in bundle
1/1/x4                           enabled         up in bundle
1/2/x3                           enabled         up in bundle

3 members found.
N6>show interface as10 member

Ethernet Port                    Status          LACP Status
-------------------------------- --------------- -------------
1/1/x3                           enabled         up in bundle
1/1/x4                           enabled         up in bundle
1/2/x3                           enabled         up in bundle

3 members found.
N6>
N6>reboot card 1/1
card 1/1 will immediately reboot and continue with the last committed software version.
This will interrupt service. Continue? (yes/no): yes
N6>EVENT for card 1/1 at 2015/11/20 14:29:24.88:
    "Reboot: In Progress -- Version=2.4.45.14"
critical ALARM for card 1/1 at 2015/11/20 14:29:37.25:
    "Unequipped"
    (affects service)
EVENT for card 1/1 at 2015/11/20 14:29:37.35:
    "Card Event: Departure"
minor ALARM for system at 2015/11/20 14:29:37.36:
    "No standby controller"
    (related object: card 1/1)

N6>"N6" Fri Nov 20 14:30:43 2015

Username: e7support
Password: 
N6>set ses time dis page dis
success: session updated.
N6>"N6" Fri Nov 20 14:30:45 2015

Username: e7support
Password: 
N6>set ses time dis page dis
success: session updated.
N6>"N6" Fri Nov 20 14:30:48 2015

Username: e7support
Password: 
N6>set ses time dis page dis
success: session updated.
N6>"N6" Fri Nov 20 14:30:50 2015

Username: e7support
Password: 
N6>set ses time dis page dis
success: session updated.
N6>"N6" Fri Nov 20 14:30:53 2015

Username: e7support
Password: 
N6>set ses time dis page dis
success: session updated.
N6>"N6" Fri Nov 20 14:30:56 2015

Username: e7support
Password: 
N6>set ses time dis page dis
success: session updated.
N6>"N6" Fri Nov 20 14:30:58 2015

Username: e7support
Password: 
N6>set ses time dis page dis
success: session updated.
N6>"N6" Fri Nov 20 14:31:00 2015

Username: e7support
Password: 
N6>set ses time dis page dis
success: session updated.
N6>"N6" Fri Nov 20 14:31:03 2015

Username: e7support
Password: 
N6>set ses time dis page dis
success: session updated.
N6>"N6" Fri Nov 20 14:31:05 2015

Username: e7support
Password: 
N6>set ses time dis page dis
success: session updated.
N6>"N6" Fri Nov 20 14:31:08 2015

Username: e7support
Password: 
N6>set ses time dis page dis
success: session updated.
N6>"N6" Fri Nov 20 14:31:10 2015

Username: e7support
Password: 
N6>set ses time dis page dis
success: session updated.
N6>"N6" Fri Nov 20 14:31:13 2015

Username: e7support
Password: 
N6>set ses time dis page dis
success: session updated.
N6>"N6" Fri Nov 20 14:31:14 2015

Username: 
Username: e7support
Password: 
N6>set ses time dis page dis
success: session updated.
N6>"N6" Fri Nov 20 14:31:18 2015

Username: e7support
Password: 
N6>set ses time dis page dis
success: session updated.
N6>"N6" Fri Nov 20 14:31:19 2015

Username: 
Username: e7support
Password: 
N6>set ses time dis page dis
success: session updated.
N6>"N6" Fri Nov 20 14:31:22 2015

Username: e7support
Password: 
N6>set ses time dis page dis
success: session updated.
N6>"N6" Fri Nov 20 14:31:25 2015

Username: e7support
Password: 
N6>set ses time dis page dis
success: session updated.
N6>"N6" Fri Nov 20 14:31:27 2015

Username: e7support
Password: 
N6>set ses time dis page dis
success: session updated.
N6>"N6" Fri Nov 20 14:31:30 2015

Username: e7support
Password: 
N6>set ses time dis page dis
success: session updated.
N6>"N6" Fri Nov 20 14:31:32 2015

Username: e7support
Password: 
N6>set ses time dis page dis
success: session updated.
N6>"N6" Fri Nov 20 14:31:35 2015

Username: e7support
Password: 
N6>set ses time dis page dis
success: session updated.
N6>"N6" Fri Nov 20 14:31:37 2015

Username: e7support
Password: 
N6>set ses time dis page dis
success: session updated.
N6>"N6" Fri Nov 20 14:31:40 2015

Username: e7support
Password: 
N6>set ses time dis page dis
success: session updated.
N6>"N6" Fri Nov 20 14:31:42 2015

Username: e7support
Password: 
N6>set ses time dis page dis
success: session updated.
N6>"N6" Fri Nov 20 14:31:44 2015

Username: 
Username: e7support
Password: 
N6>set ses time dis page dis
success: session updated.
N6>"N6" Fri Nov 20 14:31:47 2015

Username: e7support
Password: 
N6>set ses time dis page dis
success: session updated.
N6>"N6" Fri Nov 20 14:31:49 2015

Username: e7support
Password: 
N6>set ses time dis page dis
success: session updated.
N6>"N6" Fri Nov 20 14:31:52 2015

Username: e7support
Password: 
N6>set ses time dis page dis
success: session updated.
N6>"N6" Fri Nov 20 14:31:54 2015

Username: e7support
Password: 
N6>set ses time dis page dis
success: session updated.
N6>"N6" Fri Nov 20 14:31:57 2015

Username: e7support
Password: 
N6>set ses time dis page dis
success: session updated.
N6>"N6" Fri Nov 20 14:31:59 2015

Username: e7support
Password: 
N6>set ses time dis page dis
success: session updated.
N6>"N6" Fri Nov 20 14:32:02 2015

Username: e7support
Password: 
N6>set ses time dis page dis
success: session updated.
N6>"N6" Fri Nov 20 14:32:04 2015

Username: e7support
Password: 
N6>set ses time dis page dis
success: session updated.
N6>"N6" Fri Nov 20 14:32:07 2015

Username: e7support
Password: 
N6>set ses time dis page dis
success: session updated.
N6>"N6" Fri Nov 20 14:32:09 2015

Username: e7support
Password: 
N6>set ses time dis page dis
success: session updated.
N6>"N6" Fri Nov 20 14:32:12 2015

Username: e7support
Password: 
N6>set ses time dis page dis
success: session updated.
N6>"N6" Fri Nov 20 14:32:14 2015

Username: e7support
Password: 
               ^
% Invalid input detected at '^' marker
Password: 
N6>set ses time dis page dis
success: session updated.
N6>"N6" Fri Nov 20 14:32:17 2015

Username: e7support
Password: 
N6>set ses time dis page dis
success: session updated.
N6>"N6" Fri Nov 20 14:32:19 2015

Username: 
Username: e7support
Password: 
N6>set ses time dis page dis
success: session updated.
N6>"N6" Fri Nov 20 14:32:22 2015

Username: e7support
Password: 
N6>set ses time dis page dis
success: session updated.
N6>"N6" Fri Nov 20 14:32:24 2015

Username: e7support
Password: 
N6>set ses time dis page dis
success: session updated.
N6>"N6" Fri Nov 20 14:32:27 2015

Username: e7support
Password: 
N6>set ses time dis page dis
success: session updated.
N6>"N6" Fri Nov 20 14:32:29 2015

Username: e7support
Password: 
N6>set ses time dis page dis
success: session updated.
N6>"N6" Fri Nov 20 14:32:32 2015

Username: e7support
Password: 
N6>set ses time dis page dis
success: session updated.
N6>"N6" Fri Nov 20 14:32:34 2015

Username: e7support
Password: 
N6>set ses time dis page dis
success: session updated.
N6>"N6" Fri Nov 20 14:32:37 2015

Username: e7support
Password: 
N6>set ses time dis page dis
success: session updated.
N6>"N6" Fri Nov 20 14:32:39 2015

Username: e7support
Password: 
N6>set ses time dis page dis
success: session updated.
N6>"N6" Fri Nov 20 14:32:42 2015

Username: e7support
Password: 
N6>set ses time dis page dis
success: session updated.
N6>"N6" Fri Nov 20 14:32:44 2015

Username: e7support
Password: 
N6>show card 1/1 detail
Information for card 1/1:
Provisioned type        : VDSL2-48Cr2
Actual type             : VDSL2-48Cr2
Part number             : 100-03882
CLEI                    : CALIXCALIX
Serial number           : 211503600306
Application version     : 2.4.45.14
Database created        : 2015/10/12 18:20:54
Database last updated   : 2015/11/20 14:29:07
Controller candidate    : enabled
MAC address start       : 00:02:fd:e1:ba:1c
MAC address end         : 00:02:fd:e1:ba:57
Temperature level       : cool
Admin status            : enabled
Operational status      : system disabled
Additional status info  : child provisioned, default provisioned
Critical alarms         : 1
Major alarms            : 0
Minor alarms            : 0
Warning conditions      : 1
Info conditions         : 0

Alarms:
--MORE--        	Not Operational

Conditions:
	Software initialization in progress
N6>ses time dis page dis
   ^
% Invalid input detected at '^' marker
N6>Alarm CLEARED for card 1/1 at 2015/11/20 14:32:48.44:
    "Not Operational"
set ses time dis page dis
success: session updated.
N6>"N6" Fri Nov 20 14:32:57 2015

Username: e7support
Password: 
N6>set ses time dis page dis
success: session updated.
N6>"N6" Fri Nov 20 14:32:59 2015

Username: e7support
Password: 
N6>set ses time dis page dis
success: session updated.
N6>"N6" Fri Nov 20 14:33:02 2015

Username: e7support
Password: 
N6>set ses time dis page dis
success: session updated.
N6>"N6" Fri Nov 20 14:33:03 2015

Username: 
Username: e7support
Password: 
N6>Alarm CLEARED for system at 2015/11/20 14:33:05.05:
    "No standby controller"
    (related object: card 1/1)
set ses time dis page dis
success: session updated.
N6>"N6" Fri Nov 20 14:33:05 2015

Username: 
Username: e7support
Password: 
N6>set ses time dis page dis
success: session updated.
N6>show card 1/1 detail
Information for card 1/1:
Provisioned type        : VDSL2-48Cr2
Actual type             : VDSL2-48Cr2
Part number             : 100-03882
CLEI                    : CALIXCALIX
Serial number           : 211503600306
Application version     : 2.4.45.14
Database created        : 2015/10/12 18:20:54
Database last updated   : 2015/11/20 14:29:07
Controller candidate    : enabled
MAC address start       : 00:02:fd:e1:ba:1c
MAC address end         : 00:02:fd:e1:ba:57
Temperature level       : cool
Admin status            : enabled
Operational status      : enabled
Additional status info  : child provisioned, default provisioned, standby
Critical alarms         : 0
Major alarms            : 0
Minor alarms            : 0
Warning conditions      : 1
Info conditions         : 0

Alarms:
	<none>

Conditions:
	Software initialization in progress
N6>Alarm CLEARED for card 1/1 at 2015/11/20 14:33:18.79:
    "Software initialization in progress"
EVENT for card 1/1 at 2015/11/20 14:33:18.88:
    "Reboot: Success -- Version=2.4.45.14"

N6>show card 1/1 detail
Information for card 1/1:
Provisioned type        : VDSL2-48Cr2
Actual type             : VDSL2-48Cr2
Part number             : 100-03882
CLEI                    : CALIXCALIX
Serial number           : 211503600306
Application version     : 2.4.45.14
Database created        : 2015/10/12 18:20:54
Database last updated   : 2015/11/20 14:29:07
Controller candidate    : enabled
MAC address start       : 00:02:fd:e1:ba:1c
MAC address end         : 00:02:fd:e1:ba:57
Temperature level       : cool
Admin status            : enabled
Operational status      : enabled
Additional status info  : child provisioned, default provisioned, standby
Critical alarms         : 0
Major alarms            : 0
Minor alarms            : 0
Warning conditions      : 0
Info conditions         : 0

Alarms:
	<none>

Conditions:
	<none>
N6>show alarm
No alarms found.
N6>